Apr 23 14:43:31 czp-db2 kernel:  rport-15:0-16: blocked FC remote port time out: removing target and saving binding
Apr 23 14:43:31 czp-db2 kernel: lpfc 0000:33:00.0: 0:(0):0203 Devloss timeout on WWPN 20:80:3c:78:43:c5:45:3e NPort x1f0400 Data: x0 x8 x0
Apr 23 14:43:31 czp-db2 kernel: sd 15:0:1:2: rejecting I/O to offline device
Apr 23 14:43:31 czp-db2 kernel: sd 15:0:1:2: [sde] killing request
Apr 23 14:43:31 czp-db2 kernel: sd 15:0:1:2: [sde]  Result: hostbyte=DID_NO_CONNECT driverbyte=DRIVER_OK
Apr 23 14:43:31 czp-db2 kernel: sd 15:0:1:2: [sde] CDB: Write(10): 2a 00 15 76 93 a0 00 00 08 00
Apr 23 14:43:31 czp-db2 kernel: end_request: I/O error, dev sde, sector 360092576
Apr 23 14:43:31 czp-db2 kernel: device-mapper: multipath: Failing path 8:64.
Apr 23 15:10:19 czp-db2 kernel: usb 1-10: new low speed USB device number 14 using xhci_hcd
Apr 23 15:10:19 czp-db2 kernel: usb 1-10: New USB device found, idVendor=04b3, idProduct=3025
Apr 23 15:10:19 czp-db2 kernel: usb 1-10: New USB device strings: Mfr=1, Product=2, SerialNumber=0
Apr 23 15:10:19 czp-db2 kernel: usb 1-10: Product: USB NetVista Full Width Keyboard
Apr 23 15:10:19 czp-db2 kernel: usb 1-10: Manufacturer: CHICONY
Apr 23 15:10:19 czp-db2 kernel: usb 1-10: configuration #1 chosen from 1 choice
Apr 23 15:10:19 czp-db2 kernel: usb 1-10: ep 0x81 - rounding interval to 64 microframes, ep desc says 80 microframes
Apr 23 15:10:19 czp-db2 kernel: input: CHICONY USB NetVista Full Width Keyboard as /devices/pci0000:00/0000:00:14.0/usb1/1-10/1-10:1.0/input/input17
Apr 23 15:10:19 czp-db2 kernel: generic-usb 0003:04B3:3025.0010: input,hidraw4: USB HID v1.10 Keyboard [CHICONY USB NetVista Full Width Keyboard] on usb-0000:00:14.0-10/input0
Apr 23 15:11:08 czp-db2 kernel: usb 1-9: USB disconnect, device number 13
Apr 23 15:11:20 czp-db2 kernel: usb 1-9: new low speed USB device number 15 using xhci_hcd
Apr 23 15:11:20 czp-db2 kernel: usb 1-9: New USB device found, idVendor=046d, idProduct=c018
Apr 23 15:11:20 czp-db2 kernel: usb 1-9: New USB device strings: Mfr=1, Product=2, SerialNumber=0
Apr 23 15:11:20 czp-db2 kernel: usb 1-9: Product: USB Optical Mouse
Apr 23 15:11:20 czp-db2 kernel: usb 1-9: Manufacturer: Logitech
Apr 23 15:11:20 czp-db2 kernel: usb 1-9: configuration #1 chosen from 1 choice
Apr 23 15:11:20 czp-db2 kernel: usb 1-9: ep 0x81 - rounding interval to 64 microframes, ep desc says 80 microframes
Apr 23 15:11:20 czp-db2 kernel: input: Logitech USB Optical Mouse as /devices/pci0000:00/0000:00:14.0/usb1/1-9/1-9:1.0/input/input18
Apr 23 15:11:20 czp-db2 kernel: generic-usb 0003:046D:C018.0011: input,hidraw0: USB HID v1.11 Mouse [Logitech USB Optical Mouse] on usb-0000:00:14.0-9/input0
Apr 23 15:19:01 czp-db2 kernel: usb 1-9: reset low speed USB device number 15 using xhci_hcd
Apr 23 15:19:01 czp-db2 kernel: xhci_hcd 0000:00:14.0: Setup ERROR: setup context command for slot 14.
Apr 23 15:19:02 czp-db2 kernel: usb 1-9: reset low speed USB device number 15 using xhci_hcd
Apr 23 15:19:02 czp-db2 kernel: xhci_hcd 0000:00:14.0: Setup ERROR: setup context command for slot 14.
Apr 23 15:19:02 czp-db2 kernel: usb 1-9: reset low speed USB device number 15 using xhci_hcd
Apr 23 15:19:02 czp-db2 kernel: xhci_hcd 0000:00:14.0: xHCI xhci_drop_endpoint called with disabled ep ffff8810438a0540
Apr 23 15:19:02 czp-db2 kernel: usb 1-9: ep 0x81 - rounding interval to 64 microframes, ep desc says 80 microframes
Apr 23 15:53:11 czp-db2 kernel: Kernel logging (proc) stopped.
Apr 23 15:53:11 czp-db2 kernel: Kernel log daemon terminating.
Apr 23 15:59:41 czp-db2 kernel: klogd 1.5.0, log source = /proc/kmsg started.
Apr 23 15:59:41 czp-db2 kernel: Inspecting /boot/System.map-2.6.32.700-Rocky4.2-x86_64
Apr 23 15:59:41 czp-db2 kernel: Inspecting /usr/src/linux/System.map
Apr 23 15:59:41 czp-db2 kernel: Cannot find map file.
Apr 23 15:59:41 czp-db2 kernel: Loaded 72998 symbols from 63 modules.
Apr 23 15:59:41 czp-db2 kernel: Initializing cgroup subsys cpuset
Apr 23 15:59:41 czp-db2 kernel: Initializing cgroup subsys cpu
Apr 23 15:59:41 czp-db2 kernel: Linux version 2.6.32.700-Rocky4.2-x86_64 (root@Auto-builder) (gcc version 4.4.5 (Linx 4.4.5-8linx1) ) #1 SMP Mon May 7 13:51:25 CST 2018
Apr 23 15:59:41 czp-db2 kernel: Command line: BOOT_IMAGE=/boot/vmlinuz-2.6.32.700-Rocky4.2-x86_64 root=UUID=28a6c5f4-406c-4d06-a078-62046cde8326 ro linx_serial=FCA5FEE48C15E12E security=linx rootflags=data=writeback elevator=deadline quiet apci=force
Apr 23 15:59:41 czp-db2 kernel: KERNEL supported cpus:
Apr 23 15:59:41 czp-db2 kernel:   Intel GenuineIntel
Apr 23 15:59:41 czp-db2 kernel:   AMD AuthenticAMD
Apr 23 15:59:41 czp-db2 kernel:   Centaur CentaurHauls
Apr 23 15:59:41 czp-db2 kernel: BIOS-provided physical RAM map:
Apr 23 15:59:41 czp-db2 kernel:  BIOS-e820: 0000000000000000 - 000000000009a000 (usable)
Apr 23 15:59:41 czp-db2 kernel:  BIOS-e820: 000000000009a000 - 00000000000a0000 (reserved)
Apr 23 15:59:41 czp-db2 kernel:  BIOS-e820: 00000000000e0000 - 0000000000100000 (reserved)
Apr 23 15:59:41 czp-db2 kernel:  BIOS-e820: 0000000000100000 - 000000006a52a000 (usable)
Apr 23 15:59:41 czp-db2 kernel:  BIOS-e820: 000000006a52a000 - 000000006c62a000 (reserved)
Apr 23 15:59:41 czp-db2 kernel:  BIOS-e820: 000000006c62a000 - 000000006c73a000 (usable)
Apr 23 15:59:41 czp-db2 kernel:  BIOS-e820: 000000006c73a000 - 000000006d328000 (ACPI NVS)
Apr 23 15:59:41 czp-db2 kernel:  BIOS-e820: 000000006d328000 - 000000006f232000 (reserved)
Apr 23 15:59:41 czp-db2 kernel:  BIOS-e820: 000000006f232000 - 000000006f800000 (usable)
Apr 23 15:59:41 czp-db2 kernel:  BIOS-e820: 000000006f800000 - 0000000090000000 (reserved)
Apr 23 15:59:41 czp-db2 kernel:  BIOS-e820: 00000000fd000000 - 00000000fe800000 (reserved)
Apr 23 15:59:41 czp-db2 kernel:  BIOS-e820: 00000000fed20000 - 00000000fed45000 (reserved)
Apr 23 15:59:41 czp-db2 kernel:  BIOS-e820: 00000000ff000000 - 0000000100000000 (reserved)
Apr 23 15:59:41 czp-db2 kernel:  BIOS-e820: 0000000100000000 - 0000004080000000 (usable)
Apr 23 15:59:41 czp-db2 kernel: SMBIOS version 3.0 @ 0xF05E0
Apr 23 15:59:41 czp-db2 kernel: SMBIOS 3.0 present.
Apr 23 15:59:41 czp-db2 kernel: DMI: Sugon I840-G30/80P48-US, BIOS 0THSY016 04/16/2018
Apr 23 15:59:41 czp-db2 kernel: AMI BIOS detected: BIOS may corrupt low RAM, working around it.
Apr 23 15:59:41 czp-db2 kernel: e820 update range: 0000000000000000 - 0000000000010000 (usable) ==> (reserved)
Apr 23 15:59:41 czp-db2 kernel: e820 update range: 0000000000000000 - 0000000000001000 (usable) ==> (reserved)
Apr 23 15:59:41 czp-db2 kernel: e820 remove range: 00000000000a0000 - 0000000000100000 (usable)
Apr 23 15:59:41 czp-db2 kernel: last_pfn = 0x4080000 max_arch_pfn = 0x400000000
Apr 23 15:59:41 czp-db2 kernel: x86 PAT enabled: cpu 0, old 0x7040600070406, new 0x7010600070106
Apr 23 15:59:41 czp-db2 kernel: original variable MTRRs
Apr 23 15:59:41 czp-db2 kernel: reg 0, base: 0GB, range: 256GB, type WB
Apr 23 15:59:41 czp-db2 kernel: reg 1, base: 256GB, range: 2GB, type WB
Apr 23 15:59:41 czp-db2 kernel: reg 2, base: 2GB, range: 2GB, type UC
Apr 23 15:59:41 czp-db2 kernel: reg 3, base: 2032MB, range: 16MB, type UC
Apr 23 15:59:41 czp-db2 kernel: total RAM covered: 262128M
Apr 23 15:59:41 czp-db2 kernel: Found optimal setting for mtrr clean up
Apr 23 15:59:41 czp-db2 kernel:  gran_size: 64K ^Ichunk_size: 256G ^Inum_reg: 4  ^Ilose cover RAM: 0G
Apr 23 15:59:41 czp-db2 kernel: New variable MTRRs
Apr 23 15:59:41 czp-db2 kernel: reg 0, base: 0GB, range: 256GB, type WB
Apr 23 15:59:41 czp-db2 kernel: reg 1, base: 2032MB, range: 16MB, type UC
Apr 23 15:59:41 czp-db2 kernel: reg 2, base: 2GB, range: 2GB, type UC
Apr 23 15:59:41 czp-db2 kernel: reg 3, base: 256GB, range: 2GB, type WB
Apr 23 15:59:41 czp-db2 kernel: e820 update range: 000000007f000000 - 0000000100000000 (usable) ==> (reserved)
Apr 23 15:59:41 czp-db2 kernel: last_pfn = 0x6f800 max_arch_pfn = 0x400000000
Apr 23 15:59:41 czp-db2 kernel: initial memory mapped : 0 - 20000000
Apr 23 15:59:41 czp-db2 kernel: Using GB pages for direct mapping
Apr 23 15:59:41 czp-db2 kernel: init_memory_mapping: 0000000000000000-000000006f800000
Apr 23 15:59:41 czp-db2 kernel:  0000000000 - 0040000000 page 1G
Apr 23 15:59:41 czp-db2 kernel:  0040000000 - 006f800000 page 2M
Apr 23 15:59:41 czp-db2 kernel: kernel direct mapping tables up to 6f800000 @ 10000-12000
Apr 23 15:59:41 czp-db2 kernel: Use unified mapping for non-reserved e820 regions.
Apr 23 15:59:41 czp-db2 kernel: init_memory_mapping: 0000000100000000-0000004080000000
Apr 23 15:59:41 czp-db2 kernel:  0100000000 - 4080000000 page 1G
Apr 23 15:59:41 czp-db2 kernel: kernel direct mapping tables up to 4080000000 @ 11000-12000
Apr 23 15:59:41 czp-db2 kernel: RAMDISK: 376e1000 - 37fef88a
Apr 23 15:59:41 czp-db2 kernel: ACPI: Deleted _OSI(Windows 2012)
Apr 23 15:59:41 czp-db2 kernel: ACPI: Deleted _OSI(Windows 2013)
Apr 23 15:59:41 czp-db2 kernel: ACPI: RSDP 00000000000f05b0 00024 (v02 ALASKA)
Apr 23 15:59:41 czp-db2 kernel: ACPI: XSDT 000000006c73a0d0 0011C (v01 ALASKA   A M I  01072009 AMI  00010013)
Apr 23 15:59:41 czp-db2 kernel: ACPI: FACP 000000006c783ca8 00114 (v06 ALASKA   A M I  01072009 INTL 20091013)
Apr 23 15:59:41 czp-db2 kernel: ACPI: DSDT 000000006c73a280 49A28 (v02 ALASKA   A M I  01072009 INTL 20091013)
Apr 23 15:59:41 czp-db2 kernel: ACPI: FACS 000000006d326080 00040
Apr 23 15:59:41 czp-db2 kernel: ACPI: FPDT 000000006c783dc0 00044 (v01 ALASKA   A M I  01072009 AMI  00010013)
Apr 23 15:59:41 czp-db2 kernel: ACPI: FIDT 000000006c783e08 0009C (v01 ALASKA    A M I 01072009 AMI  00010013)
Apr 23 15:59:41 czp-db2 kernel: ACPI: SPMI 000000006c783ea8 00041 (v05 ALASKA   A M I  00000000 AMI. 00000000)
Apr 23 15:59:41 czp-db2 kernel: ACPI: UEFI 000000006c783ef0 0005C (v01  INTEL RstUefiV 00000000      00000000)
Apr 23 15:59:41 czp-db2 kernel: ACPI: UEFI 000000006c783f50 00042 (v01 ALASKA   A M I  01072009      01000013)
Apr 23 15:59:41 czp-db2 kernel: ACPI: MCFG 000000006c783f98 0003C (v01 ALASKA    A M I 01072009 MSFT 00000097)
Apr 23 15:59:41 czp-db2 kernel: ACPI: HPET 000000006c783fd8 00038 (v01 ALASKA   A M I  00000001 INTL 20091013)
Apr 23 15:59:41 czp-db2 kernel: ACPI: APIC 000000006c784010 016DE (v03 ALASKA   A M I  00000000 INTL 20091013)
Apr 23 15:59:41 czp-db2 kernel: ACPI: MIGT 000000006c7856f0 00040 (v01 ALASKA   A M I  00000000 INTL 20091013)
Apr 23 15:59:41 czp-db2 kernel: ACPI: MSCT 000000006c785730 00090 (v01 ALASKA   A M I  00000001 INTL 20091013)
Apr 23 15:59:41 czp-db2 kernel: ACPI: NFIT 000000006c7857c0 18028 (v01                 00000000      00000000)
Apr 23 15:59:41 czp-db2 kernel: ACPI: PCAT 000000006c79d7e8 00048 (v01 ALASKA   A M I  00000002 INTL 20091013)
Apr 23 15:59:41 czp-db2 kernel: ACPI: PCCT 000000006c79d830 0006E (v01 ALASKA   A M I  00000002 INTL 20091013)
Apr 23 15:59:41 czp-db2 kernel: ACPI: RASF 000000006c79d8a0 00030 (v01 ALASKA   A M I  00000001 INTL 20091013)
Apr 23 15:59:41 czp-db2 kernel: ACPI: SLIT 000000006c79d8d0 0003C (v01 ALASKA   A M I  00000001 INTL 20091013)
Apr 23 15:59:41 czp-db2 kernel: ACPI: SRAT 000000006c79d910 02830 (v03 ALASKA   A M I  00000002 INTL 20091013)
Apr 23 15:59:41 czp-db2 kernel: ACPI: SVOS 000000006c7a0140 00032 (v01 ALASKA   A M I  00000000 INTL 20091013)
Apr 23 15:59:41 czp-db2 kernel: ACPI: WDDT 000000006c7a0178 00040 (v01 ALASKA   A M I  00000000 INTL 20091013)
Apr 23 15:59:41 czp-db2 kernel: ACPI: OEM4 000000006c7a01b8 A27C4 (v02  INTEL CPU  CST 00003000 INTL 20140828)
Apr 23 15:59:41 czp-db2 kernel: ACPI: OEM1 000000006c842980 2A2C4 (v02  INTEL CPU EIST 00003000 INTL 20140828)
Apr 23 15:59:41 czp-db2 kernel: ACPI: OEM2 000000006c86cc48 19464 (v02  INTEL CPU  HWP 00003000 INTL 20140828)
Apr 23 15:59:41 czp-db2 kernel: ACPI: SSDT 000000006c8860b0 33990 (v02  INTEL SSDT  PM 00004000 INTL 20140828)
Apr 23 15:59:41 czp-db2 kernel: ACPI: SSDT 000000006c8b9a40 0065B (v02 ALASKA   A M I  00000000 INTL 20091013)
Apr 23 15:59:41 czp-db2 kernel: ACPI: SPCR 000000006c8ba0a0 00050 (v02  A M I  APTIO V 01072009 AMI. 0005000C)
Apr 23 15:59:41 czp-db2 kernel: ACPI: SSDT 000000006c8ba0f0 02AF6 (v02  INTEL SpsNm    00000002 INTL 20140828)
Apr 23 15:59:41 czp-db2 kernel: ACPI: DMAR 000000006c8bcbe8 00590 (v01 ALASKA   A M I  00000001 INTL 20091013)
Apr 23 15:59:41 czp-db2 kernel: ACPI: HEST 000000006c8bd178 000A8 (v01 ALASKA   A M I  00000001 INTL 00000001)
Apr 23 15:59:41 czp-db2 kernel: ACPI: BERT 000000006c8bd220 00030 (v01 ALASKA   A M I  00000001 INTL 00000001)
Apr 23 15:59:41 czp-db2 kernel: ACPI: ERST 000000006c8bd250 00230 (v01 ALASKA   A M I  00000001 INTL 00000001)
Apr 23 15:59:41 czp-db2 kernel: ACPI: EINJ 000000006c8bd480 00150 (v01 ALASKA   A M I  00000001 INTL 00000001)
Apr 23 15:59:41 czp-db2 kernel: ACPI: Local APIC address 0xfee00000
Apr 23 15:59:41 czp-db2 kernel: Setting APIC routing to flat.
Apr 23 15:59:41 czp-db2 kernel: SRAT: PXM 0 -> APIC 0 -> Node 0
Apr 23 15:59:41 czp-db2 kernel: SRAT: PXM 0 -> APIC 2 -> Node 0
Apr 23 15:59:41 czp-db2 kernel: SRAT: PXM 0 -> APIC 4 -> Node 0
Apr 23 15:59:41 czp-db2 kernel: SRAT: PXM 0 -> APIC 6 -> Node 0
Apr 23 15:59:41 czp-db2 kernel: SRAT: PXM 0 -> APIC 8 -> Node 0
Apr 23 15:59:41 czp-db2 kernel: SRAT: PXM 0 -> APIC 16 -> Node 0
Apr 23 15:59:41 czp-db2 kernel: SRAT: PXM 0 -> APIC 18 -> Node 0
Apr 23 15:59:41 czp-db2 kernel: SRAT: PXM 0 -> APIC 20 -> Node 0
Apr 23 15:59:41 czp-db2 kernel: SRAT: PXM 0 -> APIC 22 -> Node 0
Apr 23 15:59:41 czp-db2 kernel: SRAT: PXM 0 -> APIC 32 -> Node 0
Apr 23 15:59:41 czp-db2 kernel: SRAT: PXM 0 -> APIC 34 -> Node 0
Apr 23 15:59:41 czp-db2 kernel: SRAT: PXM 0 -> APIC 36 -> Node 0
Apr 23 15:59:41 czp-db2 kernel: SRAT: PXM 0 -> APIC 38 -> Node 0
Apr 23 15:59:41 czp-db2 kernel: SRAT: PXM 0 -> APIC 40 -> Node 0
Apr 23 15:59:41 czp-db2 kernel: SRAT: PXM 0 -> APIC 48 -> Node 0
Apr 23 15:59:41 czp-db2 kernel: SRAT: PXM 0 -> APIC 50 -> Node 0
Apr 23 15:59:41 czp-db2 kernel: SRAT: PXM 0 -> APIC 52 -> Node 0
Apr 23 15:59:41 czp-db2 kernel: SRAT: PXM 0 -> APIC 54 -> Node 0
Apr 23 15:59:41 czp-db2 kernel: SRAT: PXM 1 -> APIC 64 -> Node 1
Apr 23 15:59:41 czp-db2 kernel: SRAT: PXM 1 -> APIC 66 -> Node 1
Apr 23 15:59:41 czp-db2 kernel: SRAT: PXM 1 -> APIC 68 -> Node 1
Apr 23 15:59:41 czp-db2 kernel: SRAT: PXM 1 -> APIC 70 -> Node 1
Apr 23 15:59:41 czp-db2 kernel: SRAT: PXM 1 -> APIC 72 -> Node 1
Apr 23 15:59:41 czp-db2 kernel: SRAT: PXM 1 -> APIC 80 -> Node 1
Apr 23 15:59:41 czp-db2 kernel: SRAT: PXM 1 -> APIC 82 -> Node 1
Apr 23 15:59:41 czp-db2 kernel: SRAT: PXM 1 -> APIC 84 -> Node 1
Apr 23 15:59:41 czp-db2 kernel: SRAT: PXM 1 -> APIC 86 -> Node 1
Apr 23 15:59:41 czp-db2 kernel: SRAT: PXM 1 -> APIC 96 -> Node 1
Apr 23 15:59:41 czp-db2 kernel: SRAT: PXM 1 -> APIC 98 -> Node 1
Apr 23 15:59:41 czp-db2 kernel: SRAT: PXM 1 -> APIC 100 -> Node 1
Apr 23 15:59:41 czp-db2 kernel: SRAT: PXM 1 -> APIC 102 -> Node 1
Apr 23 15:59:41 czp-db2 kernel: SRAT: PXM 1 -> APIC 104 -> Node 1
Apr 23 15:59:41 czp-db2 kernel: SRAT: PXM 1 -> APIC 112 -> Node 1
Apr 23 15:59:41 czp-db2 kernel: SRAT: PXM 1 -> APIC 114 -> Node 1
Apr 23 15:59:41 czp-db2 kernel: SRAT: PXM 1 -> APIC 116 -> Node 1
Apr 23 15:59:41 czp-db2 kernel: SRAT: PXM 1 -> APIC 118 -> Node 1
Apr 23 15:59:41 czp-db2 kernel: SRAT: PXM 2 -> APIC 128 -> Node 2
Apr 23 15:59:41 czp-db2 kernel: SRAT: PXM 2 -> APIC 130 -> Node 2
Apr 23 15:59:41 czp-db2 kernel: SRAT: PXM 2 -> APIC 132 -> Node 2
Apr 23 15:59:41 czp-db2 kernel: SRAT: PXM 2 -> APIC 134 -> Node 2
Apr 23 15:59:41 czp-db2 kernel: SRAT: PXM 2 -> APIC 136 -> Node 2
Apr 23 15:59:41 czp-db2 kernel: SRAT: PXM 2 -> APIC 144 -> Node 2
Apr 23 15:59:41 czp-db2 kernel: SRAT: PXM 2 -> APIC 146 -> Node 2
Apr 23 15:59:41 czp-db2 kernel: SRAT: PXM 2 -> APIC 148 -> Node 2
Apr 23 15:59:41 czp-db2 kernel: SRAT: PXM 2 -> APIC 150 -> Node 2
Apr 23 15:59:41 czp-db2 kernel: SRAT: PXM 2 -> APIC 160 -> Node 2
Apr 23 15:59:41 czp-db2 kernel: SRAT: PXM 2 -> APIC 162 -> Node 2
Apr 23 15:59:41 czp-db2 kernel: SRAT: PXM 2 -> APIC 164 -> Node 2
Apr 23 15:59:41 czp-db2 kernel: SRAT: PXM 2 -> APIC 166 -> Node 2
Apr 23 15:59:41 czp-db2 kernel: SRAT: PXM 2 -> APIC 168 -> Node 2
Apr 23 15:59:41 czp-db2 kernel: SRAT: PXM 2 -> APIC 176 -> Node 2
Apr 23 15:59:41 czp-db2 kernel: SRAT: PXM 2 -> APIC 178 -> Node 2
Apr 23 15:59:41 czp-db2 kernel: SRAT: PXM 2 -> APIC 180 -> Node 2
Apr 23 15:59:41 czp-db2 kernel: SRAT: PXM 2 -> APIC 182 -> Node 2
Apr 23 15:59:41 czp-db2 kernel: SRAT: PXM 3 -> APIC 192 -> Node 3
Apr 23 15:59:41 czp-db2 kernel: SRAT: PXM 3 -> APIC 194 -> Node 3
Apr 23 15:59:41 czp-db2 kernel: SRAT: PXM 3 -> APIC 196 -> Node 3
Apr 23 15:59:41 czp-db2 kernel: SRAT: PXM 3 -> APIC 198 -> Node 3
Apr 23 15:59:41 czp-db2 kernel: SRAT: PXM 3 -> APIC 200 -> Node 3
Apr 23 15:59:41 czp-db2 kernel: SRAT: PXM 3 -> APIC 208 -> Node 3
Apr 23 15:59:41 czp-db2 kernel: SRAT: PXM 3 -> APIC 210 -> Node 3
Apr 23 15:59:41 czp-db2 kernel: SRAT: PXM 3 -> APIC 212 -> Node 3
Apr 23 15:59:41 czp-db2 kernel: SRAT: PXM 3 -> APIC 214 -> Node 3
Apr 23 15:59:41 czp-db2 kernel: SRAT: PXM 3 -> APIC 224 -> Node 3
Apr 23 15:59:41 czp-db2 kernel: SRAT: PXM 3 -> APIC 226 -> Node 3
Apr 23 15:59:41 czp-db2 kernel: SRAT: PXM 3 -> APIC 228 -> Node 3
Apr 23 15:59:41 czp-db2 kernel: SRAT: PXM 3 -> APIC 230 -> Node 3
Apr 23 15:59:41 czp-db2 kernel: SRAT: PXM 3 -> APIC 232 -> Node 3
Apr 23 15:59:41 czp-db2 kernel: SRAT: PXM 3 -> APIC 240 -> Node 3
Apr 23 15:59:41 czp-db2 kernel: SRAT: PXM 3 -> APIC 242 -> Node 3
Apr 23 15:59:41 czp-db2 kernel: SRAT: PXM 3 -> APIC 244 -> Node 3
Apr 23 15:59:41 czp-db2 kernel: SRAT: PXM 3 -> APIC 246 -> Node 3
Apr 23 15:59:41 czp-db2 kernel: SRAT: PXM 0 -> APIC 1 -> Node 0
Apr 23 15:59:41 czp-db2 kernel: SRAT: PXM 0 -> APIC 3 -> Node 0
Apr 23 15:59:41 czp-db2 kernel: SRAT: PXM 0 -> APIC 5 -> Node 0
Apr 23 15:59:41 czp-db2 kernel: SRAT: PXM 0 -> APIC 7 -> Node 0
Apr 23 15:59:41 czp-db2 kernel: SRAT: PXM 0 -> APIC 9 -> Node 0
Apr 23 15:59:41 czp-db2 kernel: SRAT: PXM 0 -> APIC 17 -> Node 0
Apr 23 15:59:41 czp-db2 kernel: SRAT: PXM 0 -> APIC 19 -> Node 0
Apr 23 15:59:41 czp-db2 kernel: SRAT: PXM 0 -> APIC 21 -> Node 0
Apr 23 15:59:41 czp-db2 kernel: SRAT: PXM 0 -> APIC 23 -> Node 0
Apr 23 15:59:41 czp-db2 kernel: SRAT: PXM 0 -> APIC 33 -> Node 0
Apr 23 15:59:41 czp-db2 kernel: SRAT: PXM 0 -> APIC 35 -> Node 0
Apr 23 15:59:41 czp-db2 kernel: SRAT: PXM 0 -> APIC 37 -> Node 0
Apr 23 15:59:41 czp-db2 kernel: SRAT: PXM 0 -> APIC 39 -> Node 0
Apr 23 15:59:41 czp-db2 kernel: SRAT: PXM 0 -> APIC 41 -> Node 0
Apr 23 15:59:41 czp-db2 kernel: SRAT: PXM 0 -> APIC 49 -> Node 0
Apr 23 15:59:41 czp-db2 kernel: SRAT: PXM 0 -> APIC 51 -> Node 0
Apr 23 15:59:41 czp-db2 kernel: SRAT: PXM 0 -> APIC 53 -> Node 0
Apr 23 15:59:41 czp-db2 kernel: SRAT: PXM 0 -> APIC 55 -> Node 0
Apr 23 15:59:41 czp-db2 kernel: SRAT: PXM 1 -> APIC 65 -> Node 1
Apr 23 15:59:41 czp-db2 kernel: SRAT: PXM 1 -> APIC 67 -> Node 1
Apr 23 15:59:41 czp-db2 kernel: SRAT: PXM 1 -> APIC 69 -> Node 1
Apr 23 15:59:41 czp-db2 kernel: SRAT: PXM 1 -> APIC 71 -> Node 1
Apr 23 15:59:41 czp-db2 kernel: SRAT: PXM 1 -> APIC 73 -> Node 1
Apr 23 15:59:41 czp-db2 kernel: SRAT: PXM 1 -> APIC 81 -> Node 1
Apr 23 15:59:41 czp-db2 kernel: SRAT: PXM 1 -> APIC 83 -> Node 1
Apr 23 15:59:41 czp-db2 kernel: SRAT: PXM 1 -> APIC 85 -> Node 1
Apr 23 15:59:41 czp-db2 kernel: SRAT: PXM 1 -> APIC 87 -> Node 1
Apr 23 15:59:41 czp-db2 kernel: SRAT: PXM 1 -> APIC 97 -> Node 1
Apr 23 15:59:41 czp-db2 kernel: SRAT: PXM 1 -> APIC 99 -> Node 1
Apr 23 15:59:41 czp-db2 kernel: SRAT: PXM 1 -> APIC 101 -> Node 1
Apr 23 15:59:41 czp-db2 kernel: SRAT: PXM 1 -> APIC 103 -> Node 1
Apr 23 15:59:41 czp-db2 kernel: SRAT: PXM 1 -> APIC 105 -> Node 1
Apr 23 15:59:41 czp-db2 kernel: SRAT: PXM 1 -> APIC 113 -> Node 1
Apr 23 15:59:41 czp-db2 kernel: SRAT: PXM 1 -> APIC 115 -> Node 1
Apr 23 15:59:41 czp-db2 kernel: SRAT: PXM 1 -> APIC 117 -> Node 1
Apr 23 15:59:41 czp-db2 kernel: SRAT: PXM 1 -> APIC 119 -> Node 1
Apr 23 15:59:41 czp-db2 kernel: SRAT: PXM 2 -> APIC 129 -> Node 2
Apr 23 15:59:41 czp-db2 kernel: SRAT: PXM 2 -> APIC 131 -> Node 2
Apr 23 15:59:41 czp-db2 kernel: SRAT: PXM 2 -> APIC 133 -> Node 2
Apr 23 15:59:41 czp-db2 kernel: SRAT: PXM 2 -> APIC 135 -> Node 2
Apr 23 15:59:41 czp-db2 kernel: SRAT: PXM 2 -> APIC 137 -> Node 2
Apr 23 15:59:41 czp-db2 kernel: SRAT: PXM 2 -> APIC 145 -> Node 2
Apr 23 15:59:41 czp-db2 kernel: SRAT: PXM 2 -> APIC 147 -> Node 2
Apr 23 15:59:41 czp-db2 kernel: SRAT: PXM 2 -> APIC 149 -> Node 2
Apr 23 15:59:41 czp-db2 kernel: SRAT: PXM 2 -> APIC 151 -> Node 2
Apr 23 15:59:41 czp-db2 kernel: SRAT: PXM 2 -> APIC 161 -> Node 2
Apr 23 15:59:41 czp-db2 kernel: SRAT: PXM 2 -> APIC 163 -> Node 2
Apr 23 15:59:41 czp-db2 kernel: SRAT: PXM 2 -> APIC 165 -> Node 2
Apr 23 15:59:41 czp-db2 kernel: SRAT: PXM 2 -> APIC 167 -> Node 2
Apr 23 15:59:41 czp-db2 kernel: SRAT: PXM 2 -> APIC 169 -> Node 2
Apr 23 15:59:41 czp-db2 kernel: SRAT: PXM 2 -> APIC 177 -> Node 2
Apr 23 15:59:41 czp-db2 kernel: SRAT: PXM 2 -> APIC 179 -> Node 2
Apr 23 15:59:41 czp-db2 kernel: SRAT: PXM 2 -> APIC 181 -> Node 2
Apr 23 15:59:41 czp-db2 kernel: SRAT: PXM 2 -> APIC 183 -> Node 2
Apr 23 15:59:41 czp-db2 kernel: SRAT: PXM 3 -> APIC 193 -> Node 3
Apr 23 15:59:41 czp-db2 kernel: SRAT: PXM 3 -> APIC 195 -> Node 3
Apr 23 15:59:41 czp-db2 kernel: SRAT: PXM 3 -> APIC 197 -> Node 3
Apr 23 15:59:41 czp-db2 kernel: SRAT: PXM 3 -> APIC 199 -> Node 3
Apr 23 15:59:41 czp-db2 kernel: SRAT: PXM 3 -> APIC 201 -> Node 3
Apr 23 15:59:41 czp-db2 kernel: SRAT: PXM 3 -> APIC 209 -> Node 3
Apr 23 15:59:41 czp-db2 kernel: SRAT: PXM 3 -> APIC 211 -> Node 3
Apr 23 15:59:41 czp-db2 kernel: SRAT: PXM 3 -> APIC 213 -> Node 3
Apr 23 15:59:41 czp-db2 kernel: SRAT: PXM 3 -> APIC 215 -> Node 3
Apr 23 15:59:41 czp-db2 kernel: SRAT: PXM 3 -> APIC 225 -> Node 3
Apr 23 15:59:41 czp-db2 kernel: SRAT: PXM 3 -> APIC 227 -> Node 3
Apr 23 15:59:41 czp-db2 kernel: SRAT: PXM 3 -> APIC 229 -> Node 3
Apr 23 15:59:41 czp-db2 kernel: SRAT: PXM 3 -> APIC 231 -> Node 3
Apr 23 15:59:41 czp-db2 kernel: SRAT: PXM 3 -> APIC 233 -> Node 3
Apr 23 15:59:41 czp-db2 kernel: SRAT: PXM 3 -> APIC 241 -> Node 3
Apr 23 15:59:41 czp-db2 kernel: SRAT: PXM 3 -> APIC 243 -> Node 3
Apr 23 15:59:41 czp-db2 kernel: SRAT: PXM 3 -> APIC 245 -> Node 3
Apr 23 15:59:41 czp-db2 kernel: SRAT: PXM 3 -> APIC 247 -> Node 3
Apr 23 15:59:41 czp-db2 kernel: SRAT: Node 0 PXM 0 0-80000000
Apr 23 15:59:41 czp-db2 kernel: SRAT: Node 0 PXM 0 100000000-1080000000
Apr 23 15:59:41 czp-db2 kernel: SRAT: Node 1 PXM 1 1080000000-2080000000
Apr 23 15:59:41 czp-db2 kernel: SRAT: Node 2 PXM 2 2080000000-3080000000
Apr 23 15:59:41 czp-db2 kernel: SRAT: Node 3 PXM 3 3080000000-4080000000
Apr 23 15:59:41 czp-db2 kernel: NUMA: Allocated memnodemap from 11040 - 11180
Apr 23 15:59:41 czp-db2 kernel: NUMA: Using 31 for the hash shift.
Apr 23 15:59:41 czp-db2 kernel: Bootmem setup node 0 0000000000000000-0000001080000000
Apr 23 15:59:41 czp-db2 kernel:   NODE_DATA [0000000000011180 - 000000000004517f]
Apr 23 15:59:41 czp-db2 kernel:   bootmap [0000000000100000 -  000000000030ffff] pages 210
Apr 23 15:59:41 czp-db2 kernel: (9 early reservations) ==> bootmem [0000000000 - 1080000000]
Apr 23 15:59:41 czp-db2 kernel:   #0 [0000000000 - 0000001000]   BIOS data page ==> [0000000000 - 0000001000]
Apr 23 15:59:41 czp-db2 kernel:   #1 [0000006000 - 0000008000]       TRAMPOLINE ==> [0000006000 - 0000008000]
Apr 23 15:59:41 czp-db2 kernel:   #2 [0001000000 - 000204aae4]    TEXT DATA BSS ==> [0001000000 - 000204aae4]
Apr 23 15:59:41 czp-db2 kernel:   #3 [00376e1000 - 0037fef88a]          RAMDISK ==> [00376e1000 - 0037fef88a]
Apr 23 15:59:41 czp-db2 kernel:   #4 [000009a000 - 0000100000]    BIOS reserved ==> [000009a000 - 0000100000]
Apr 23 15:59:41 czp-db2 kernel:   #5 [000204b000 - 000204bf1c]              BRK ==> [000204b000 - 000204bf1c]
Apr 23 15:59:41 czp-db2 kernel:   #6 [0000010000 - 0000011000]          PGTABLE ==> [0000010000 - 0000011000]
Apr 23 15:59:41 czp-db2 kernel:   #7 [0000011000 - 000001103c]        ACPI SLIT ==> [0000011000 - 000001103c]
Apr 23 15:59:41 czp-db2 kernel:   #8 [0000011040 - 0000011180]       MEMNODEMAP ==> [0000011040 - 0000011180]
Apr 23 15:59:41 czp-db2 kernel: Bootmem setup node 1 0000001080000000-0000002080000000
Apr 23 15:59:41 czp-db2 kernel:   NODE_DATA [0000001080000040 - 000000108003403f]
Apr 23 15:59:41 czp-db2 kernel:   bootmap [0000001080035000 -  0000001080234fff] pages 200
Apr 23 15:59:41 czp-db2 kernel: (9 early reservations) ==> bootmem [1080000000 - 2080000000]
Apr 23 15:59:41 czp-db2 kernel:   #0 [0000000000 - 0000001000]   BIOS data page
Apr 23 15:59:41 czp-db2 kernel:   #1 [0000006000 - 0000008000]       TRAMPOLINE
Apr 23 15:59:41 czp-db2 kernel:   #2 [0001000000 - 000204aae4]    TEXT DATA BSS
Apr 23 15:59:41 czp-db2 kernel:   #3 [00376e1000 - 0037fef88a]          RAMDISK
Apr 23 15:59:41 czp-db2 kernel:   #4 [000009a000 - 0000100000]    BIOS reserved
Apr 23 15:59:41 czp-db2 kernel:   #5 [000204b000 - 000204bf1c]              BRK
Apr 23 15:59:41 czp-db2 kernel:   #6 [0000010000 - 0000011000]          PGTABLE
Apr 23 15:59:41 czp-db2 kernel:   #7 [0000011000 - 000001103c]        ACPI SLIT
Apr 23 15:59:41 czp-db2 kernel:   #8 [0000011040 - 0000011180]       MEMNODEMAP
Apr 23 15:59:41 czp-db2 kernel: Bootmem setup node 2 0000002080000000-0000003080000000
Apr 23 15:59:41 czp-db2 kernel:   NODE_DATA [0000002080000080 - 000000208003407f]
Apr 23 15:59:41 czp-db2 kernel:   bootmap [0000002080035000 -  0000002080234fff] pages 200
Apr 23 15:59:41 czp-db2 kernel: (9 early reservations) ==> bootmem [2080000000 - 3080000000]
Apr 23 15:59:41 czp-db2 kernel:   #0 [0000000000 - 0000001000]   BIOS data page
Apr 23 15:59:41 czp-db2 kernel:   #1 [0000006000 - 0000008000]       TRAMPOLINE
Apr 23 15:59:41 czp-db2 kernel:   #2 [0001000000 - 000204aae4]    TEXT DATA BSS
Apr 23 15:59:41 czp-db2 kernel:   #3 [00376e1000 - 0037fef88a]          RAMDISK
Apr 23 15:59:41 czp-db2 kernel:   #4 [000009a000 - 0000100000]    BIOS reserved
Apr 23 15:59:41 czp-db2 kernel:   #5 [000204b000 - 000204bf1c]              BRK
Apr 23 15:59:41 czp-db2 kernel:   #6 [0000010000 - 0000011000]          PGTABLE
Apr 23 15:59:41 czp-db2 kernel:   #7 [0000011000 - 000001103c]        ACPI SLIT
Apr 23 15:59:41 czp-db2 kernel:   #8 [0000011040 - 0000011180]       MEMNODEMAP
Apr 23 15:59:41 czp-db2 kernel: Bootmem setup node 3 0000003080000000-0000004080000000
Apr 23 15:59:41 czp-db2 kernel:   NODE_DATA [00000030800000c0 - 00000030800340bf]
Apr 23 15:59:41 czp-db2 kernel:   bootmap [0000003080035000 -  0000003080234fff] pages 200
Apr 23 15:59:41 czp-db2 kernel: (9 early reservations) ==> bootmem [3080000000 - 4080000000]
Apr 23 15:59:41 czp-db2 kernel:   #0 [0000000000 - 0000001000]   BIOS data page
Apr 23 15:59:41 czp-db2 kernel:   #1 [0000006000 - 0000008000]       TRAMPOLINE
Apr 23 15:59:41 czp-db2 kernel:   #2 [0001000000 - 000204aae4]    TEXT DATA BSS
Apr 23 15:59:41 czp-db2 kernel:   #3 [00376e1000 - 0037fef88a]          RAMDISK
Apr 23 15:59:41 czp-db2 kernel:   #4 [000009a000 - 0000100000]    BIOS reserved
Apr 23 15:59:41 czp-db2 kernel:   #5 [000204b000 - 000204bf1c]              BRK
Apr 23 15:59:41 czp-db2 kernel:   #6 [0000010000 - 0000011000]          PGTABLE
Apr 23 15:59:41 czp-db2 kernel:   #7 [0000011000 - 000001103c]        ACPI SLIT
Apr 23 15:59:41 czp-db2 kernel:   #8 [0000011040 - 0000011180]       MEMNODEMAP
Apr 23 15:59:41 czp-db2 kernel:  [ffffea0000000000-ffffea0010dfffff] PMD -> [ffff880028600000-ffff8800375fffff] on node 0
Apr 23 15:59:41 czp-db2 kernel:  [ffffea0010e00000-ffffea0039bfffff] PMD -> [ffff880038000000-ffff880060dfffff] on node 0
Apr 23 15:59:41 czp-db2 kernel:  [ffffea0039c00000-ffffea003fffffff] PMD -> [ffff881080400000-ffff8810867fffff] on node 1
Apr 23 15:59:41 czp-db2 kernel:  [ffffea0040000000-ffffea0071bfffff] PMD -> [ffff881086a00000-ffff8810b85fffff] on node 1
Apr 23 15:59:41 czp-db2 kernel:  [ffffea0071c00000-ffffea007fffffff] PMD -> [ffff882080400000-ffff88208e7fffff] on node 2
Apr 23 15:59:41 czp-db2 kernel:  [ffffea0080000000-ffffea00a9bfffff] PMD -> [ffff88208ea00000-ffff8820b85fffff] on node 2
Apr 23 15:59:41 czp-db2 kernel:  [ffffea00a9c00000-ffffea00bfffffff] PMD -> [ffff883080400000-ffff8830967fffff] on node 3
Apr 23 15:59:41 czp-db2 kernel:  [ffffea00c0000000-ffffea00e1bfffff] PMD -> [ffff883096a00000-ffff8830b85fffff] on node 3
Apr 23 15:59:41 czp-db2 kernel: Zone PFN ranges:
Apr 23 15:59:41 czp-db2 kernel:   DMA      0x00000010 -> 0x00001000
Apr 23 15:59:41 czp-db2 kernel:   DMA32    0x00001000 -> 0x00100000
Apr 23 15:59:41 czp-db2 kernel:   Normal   0x00100000 -> 0x04080000
Apr 23 15:59:41 czp-db2 kernel: Movable zone start PFN for each node
Apr 23 15:59:41 czp-db2 kernel: early_node_map[8] active PFN ranges
Apr 23 15:59:41 czp-db2 kernel:     0: 0x00000010 -> 0x0000009a
Apr 23 15:59:41 czp-db2 kernel:     0: 0x00000100 -> 0x0006a52a
Apr 23 15:59:41 czp-db2 kernel:     0: 0x0006c62a -> 0x0006c73a
Apr 23 15:59:41 czp-db2 kernel:     0: 0x0006f232 -> 0x0006f800
Apr 23 15:59:41 czp-db2 kernel:     0: 0x00100000 -> 0x01080000
Apr 23 15:59:41 czp-db2 kernel:     1: 0x01080000 -> 0x02080000
Apr 23 15:59:41 czp-db2 kernel:     2: 0x02080000 -> 0x03080000
Apr 23 15:59:41 czp-db2 kernel:     3: 0x03080000 -> 0x04080000
Apr 23 15:59:41 czp-db2 kernel: On node 0 totalpages: 16690066
Apr 23 15:59:41 czp-db2 kernel:   DMA zone: 56 pages used for memmap
Apr 23 15:59:41 czp-db2 kernel:   DMA zone: 106 pages reserved
Apr 23 15:59:41 czp-db2 kernel:   DMA zone: 3816 pages, LIFO batch:0
Apr 23 15:59:41 czp-db2 kernel:   DMA32 zone: 14280 pages used for memmap
Apr 23 15:59:41 czp-db2 kernel:   DMA32 zone: 418880 pages, LIFO batch:31
Apr 23 15:59:41 czp-db2 kernel:   Normal zone: 222208 pages used for memmap
Apr 23 15:59:41 czp-db2 kernel:   Normal zone: 16030720 pages, LIFO batch:31
Apr 23 15:59:41 czp-db2 kernel: On node 1 totalpages: 16777216
Apr 23 15:59:41 czp-db2 kernel:   Normal zone: 229376 pages used for memmap
Apr 23 15:59:41 czp-db2 kernel:   Normal zone: 16547840 pages, LIFO batch:31
Apr 23 15:59:41 czp-db2 kernel: On node 2 totalpages: 16777216
Apr 23 15:59:41 czp-db2 kernel:   Normal zone: 229376 pages used for memmap
Apr 23 15:59:41 czp-db2 kernel:   Normal zone: 16547840 pages, LIFO batch:31
Apr 23 15:59:41 czp-db2 kernel: On node 3 totalpages: 16777216
Apr 23 15:59:41 czp-db2 kernel:   Normal zone: 229376 pages used for memmap
Apr 23 15:59:41 czp-db2 kernel:   Normal zone: 16547840 pages, LIFO batch:31
Apr 23 15:59:41 czp-db2 kernel: ACPI: PM-Timer IO Port: 0x508
Apr 23 15:59:41 czp-db2 kernel: ACPI: Local APIC address 0xfee00000
Apr 23 15:59:41 czp-db2 kernel: Setting APIC routing to flat.
Apr 23 15:59:41 czp-db2 kernel: ACPI: LAPIC (acpi_id[0x00] lapic_id[0x00] enabled)
Apr 23 15:59:41 czp-db2 kernel: ACPI: LAPIC (acpi_id[0x02] lapic_id[0x02] enabled)
Apr 23 15:59:41 czp-db2 kernel: ACPI: LAPIC (acpi_id[0x04] lapic_id[0x04] enabled)
Apr 23 15:59:41 czp-db2 kernel: ACPI: LAPIC (acpi_id[0x06] lapic_id[0x06] enabled)
Apr 23 15:59:41 czp-db2 kernel: ACPI: LAPIC (acpi_id[0x08] lapic_id[0x08] enabled)
Apr 23 15:59:41 czp-db2 kernel: ACPI: LAPIC (acpi_id[0x0e] lapic_id[0x10] enabled)
Apr 23 15:59:41 czp-db2 kernel: ACPI: LAPIC (acpi_id[0x10] lapic_id[0x12] enabled)
Apr 23 15:59:41 czp-db2 kernel: ACPI: LAPIC (acpi_id[0x12] lapic_id[0x14] enabled)
Apr 23 15:59:41 czp-db2 kernel: ACPI: LAPIC (acpi_id[0x14] lapic_id[0x16] enabled)
Apr 23 15:59:41 czp-db2 kernel: ACPI: LAPIC (acpi_id[0x1c] lapic_id[0x20] enabled)
Apr 23 15:59:41 czp-db2 kernel: ACPI: LAPIC (acpi_id[0x1e] lapic_id[0x22] enabled)
Apr 23 15:59:41 czp-db2 kernel: ACPI: LAPIC (acpi_id[0x20] lapic_id[0x24] enabled)
Apr 23 15:59:41 czp-db2 kernel: ACPI: LAPIC (acpi_id[0x22] lapic_id[0x26] enabled)
Apr 23 15:59:41 czp-db2 kernel: ACPI: LAPIC (acpi_id[0x24] lapic_id[0x28] enabled)
Apr 23 15:59:41 czp-db2 kernel: ACPI: LAPIC (acpi_id[0x2a] lapic_id[0x30] enabled)
Apr 23 15:59:41 czp-db2 kernel: ACPI: LAPIC (acpi_id[0x2c] lapic_id[0x32] enabled)
Apr 23 15:59:41 czp-db2 kernel: ACPI: LAPIC (acpi_id[0x2e] lapic_id[0x34] enabled)
Apr 23 15:59:41 czp-db2 kernel: ACPI: LAPIC (acpi_id[0x30] lapic_id[0x36] enabled)
Apr 23 15:59:41 czp-db2 kernel: ACPI: LAPIC (acpi_id[0x38] lapic_id[0x40] enabled)
Apr 23 15:59:41 czp-db2 kernel: ACPI: LAPIC (acpi_id[0x3a] lapic_id[0x42] enabled)
Apr 23 15:59:41 czp-db2 kernel: ACPI: LAPIC (acpi_id[0x3c] lapic_id[0x44] enabled)
Apr 23 15:59:41 czp-db2 kernel: ACPI: LAPIC (acpi_id[0x3e] lapic_id[0x46] enabled)
Apr 23 15:59:41 czp-db2 kernel: ACPI: LAPIC (acpi_id[0x40] lapic_id[0x48] enabled)
Apr 23 15:59:41 czp-db2 kernel: ACPI: LAPIC (acpi_id[0x46] lapic_id[0x50] enabled)
Apr 23 15:59:41 czp-db2 kernel: ACPI: LAPIC (acpi_id[0x48] lapic_id[0x52] enabled)
Apr 23 15:59:41 czp-db2 kernel: ACPI: LAPIC (acpi_id[0x4a] lapic_id[0x54] enabled)
Apr 23 15:59:41 czp-db2 kernel: ACPI: LAPIC (acpi_id[0x4c] lapic_id[0x56] enabled)
Apr 23 15:59:41 czp-db2 kernel: ACPI: LAPIC (acpi_id[0x54] lapic_id[0x60] enabled)
Apr 23 15:59:41 czp-db2 kernel: ACPI: LAPIC (acpi_id[0x56] lapic_id[0x62] enabled)
Apr 23 15:59:41 czp-db2 kernel: ACPI: LAPIC (acpi_id[0x58] lapic_id[0x64] enabled)
Apr 23 15:59:41 czp-db2 kernel: ACPI: LAPIC (acpi_id[0x5a] lapic_id[0x66] enabled)
Apr 23 15:59:41 czp-db2 kernel: ACPI: LAPIC (acpi_id[0x5c] lapic_id[0x68] enabled)
Apr 23 15:59:41 czp-db2 kernel: ACPI: LAPIC (acpi_id[0x62] lapic_id[0x70] enabled)
Apr 23 15:59:41 czp-db2 kernel: ACPI: LAPIC (acpi_id[0x64] lapic_id[0x72] enabled)
Apr 23 15:59:41 czp-db2 kernel: ACPI: LAPIC (acpi_id[0x66] lapic_id[0x74] enabled)
Apr 23 15:59:41 czp-db2 kernel: ACPI: LAPIC (acpi_id[0x68] lapic_id[0x76] enabled)
Apr 23 15:59:41 czp-db2 kernel: ACPI: LAPIC (acpi_id[0x70] lapic_id[0x80] enabled)
Apr 23 15:59:41 czp-db2 kernel: ACPI: LAPIC (acpi_id[0x72] lapic_id[0x82] enabled)
Apr 23 15:59:41 czp-db2 kernel: ACPI: LAPIC (acpi_id[0x74] lapic_id[0x84] enabled)
Apr 23 15:59:41 czp-db2 kernel: ACPI: LAPIC (acpi_id[0x76] lapic_id[0x86] enabled)
Apr 23 15:59:41 czp-db2 kernel: ACPI: LAPIC (acpi_id[0x78] lapic_id[0x88] enabled)
Apr 23 15:59:41 czp-db2 kernel: ACPI: LAPIC (acpi_id[0x7e] lapic_id[0x90] enabled)
Apr 23 15:59:41 czp-db2 kernel: ACPI: LAPIC (acpi_id[0x80] lapic_id[0x92] enabled)
Apr 23 15:59:41 czp-db2 kernel: ACPI: LAPIC (acpi_id[0x82] lapic_id[0x94] enabled)
Apr 23 15:59:41 czp-db2 kernel: ACPI: LAPIC (acpi_id[0x84] lapic_id[0x96] enabled)
Apr 23 15:59:41 czp-db2 kernel: ACPI: LAPIC (acpi_id[0x8c] lapic_id[0xa0] enabled)
Apr 23 15:59:41 czp-db2 kernel: ACPI: LAPIC (acpi_id[0x8e] lapic_id[0xa2] enabled)
Apr 23 15:59:41 czp-db2 kernel: ACPI: LAPIC (acpi_id[0x90] lapic_id[0xa4] enabled)
Apr 23 15:59:41 czp-db2 kernel: ACPI: LAPIC (acpi_id[0x92] lapic_id[0xa6] enabled)
Apr 23 15:59:41 czp-db2 kernel: ACPI: LAPIC (acpi_id[0x94] lapic_id[0xa8] enabled)
Apr 23 15:59:41 czp-db2 kernel: ACPI: LAPIC (acpi_id[0x9a] lapic_id[0xb0] enabled)
Apr 23 15:59:41 czp-db2 kernel: ACPI: LAPIC (acpi_id[0x9c] lapic_id[0xb2] enabled)
Apr 23 15:59:41 czp-db2 kernel: ACPI: LAPIC (acpi_id[0x9e] lapic_id[0xb4] enabled)
Apr 23 15:59:41 czp-db2 kernel: ACPI: LAPIC (acpi_id[0xa0] lapic_id[0xb6] enabled)
Apr 23 15:59:41 czp-db2 kernel: ACPI: LAPIC (acpi_id[0xa8] lapic_id[0xc0] enabled)
Apr 23 15:59:41 czp-db2 kernel: ACPI: LAPIC (acpi_id[0xaa] lapic_id[0xc2] enabled)
Apr 23 15:59:41 czp-db2 kernel: ACPI: LAPIC (acpi_id[0xac] lapic_id[0xc4] enabled)
Apr 23 15:59:41 czp-db2 kernel: ACPI: LAPIC (acpi_id[0xae] lapic_id[0xc6] enabled)
Apr 23 15:59:41 czp-db2 kernel: ACPI: LAPIC (acpi_id[0xb0] lapic_id[0xc8] enabled)
Apr 23 15:59:41 czp-db2 kernel: ACPI: LAPIC (acpi_id[0xb6] lapic_id[0xd0] enabled)
Apr 23 15:59:41 czp-db2 kernel: ACPI: LAPIC (acpi_id[0xb8] lapic_id[0xd2] enabled)
Apr 23 15:59:41 czp-db2 kernel: ACPI: LAPIC (acpi_id[0xba] lapic_id[0xd4] enabled)
Apr 23 15:59:41 czp-db2 kernel: ACPI: LAPIC (acpi_id[0xbc] lapic_id[0xd6] enabled)
Apr 23 15:59:41 czp-db2 kernel: ACPI: LAPIC (acpi_id[0xc4] lapic_id[0xe0] enabled)
Apr 23 15:59:41 czp-db2 kernel: ACPI: LAPIC (acpi_id[0xc6] lapic_id[0xe2] enabled)
Apr 23 15:59:41 czp-db2 kernel: ACPI: LAPIC (acpi_id[0xc8] lapic_id[0xe4] enabled)
Apr 23 15:59:41 czp-db2 kernel: ACPI: LAPIC (acpi_id[0xca] lapic_id[0xe6] enabled)
Apr 23 15:59:41 czp-db2 kernel: ACPI: LAPIC (acpi_id[0xcc] lapic_id[0xe8] enabled)
Apr 23 15:59:41 czp-db2 kernel: ACPI: LAPIC (acpi_id[0xd2] lapic_id[0xf0] enabled)
Apr 23 15:59:41 czp-db2 kernel: ACPI: LAPIC (acpi_id[0xd4] lapic_id[0xf2] enabled)
Apr 23 15:59:41 czp-db2 kernel: ACPI: LAPIC (acpi_id[0xd6] lapic_id[0xf4] enabled)
Apr 23 15:59:41 czp-db2 kernel: ACPI: LAPIC (acpi_id[0xd8] lapic_id[0xf6] enabled)
Apr 23 15:59:41 czp-db2 kernel: ACPI: LAPIC (acpi_id[0x01] lapic_id[0x01] enabled)
Apr 23 15:59:41 czp-db2 kernel: ACPI: LAPIC (acpi_id[0x03] lapic_id[0x03] enabled)
Apr 23 15:59:41 czp-db2 kernel: ACPI: LAPIC (acpi_id[0x05] lapic_id[0x05] enabled)
Apr 23 15:59:41 czp-db2 kernel: ACPI: LAPIC (acpi_id[0x07] lapic_id[0x07] enabled)
Apr 23 15:59:41 czp-db2 kernel: ACPI: LAPIC (acpi_id[0x09] lapic_id[0x09] enabled)
Apr 23 15:59:41 czp-db2 kernel: ACPI: LAPIC (acpi_id[0x0f] lapic_id[0x11] enabled)
Apr 23 15:59:41 czp-db2 kernel: ACPI: LAPIC (acpi_id[0x11] lapic_id[0x13] enabled)
Apr 23 15:59:41 czp-db2 kernel: ACPI: LAPIC (acpi_id[0x13] lapic_id[0x15] enabled)
Apr 23 15:59:41 czp-db2 kernel: ACPI: LAPIC (acpi_id[0x15] lapic_id[0x17] enabled)
Apr 23 15:59:41 czp-db2 kernel: ACPI: LAPIC (acpi_id[0x1d] lapic_id[0x21] enabled)
Apr 23 15:59:41 czp-db2 kernel: ACPI: LAPIC (acpi_id[0x1f] lapic_id[0x23] enabled)
Apr 23 15:59:41 czp-db2 kernel: ACPI: LAPIC (acpi_id[0x21] lapic_id[0x25] enabled)
Apr 23 15:59:41 czp-db2 kernel: ACPI: LAPIC (acpi_id[0x23] lapic_id[0x27] enabled)
Apr 23 15:59:41 czp-db2 kernel: ACPI: LAPIC (acpi_id[0x25] lapic_id[0x29] enabled)
Apr 23 15:59:41 czp-db2 kernel: ACPI: LAPIC (acpi_id[0x2b] lapic_id[0x31] enabled)
Apr 23 15:59:41 czp-db2 kernel: ACPI: LAPIC (acpi_id[0x2d] lapic_id[0x33] enabled)
Apr 23 15:59:41 czp-db2 kernel: ACPI: LAPIC (acpi_id[0x2f] lapic_id[0x35] enabled)
Apr 23 15:59:41 czp-db2 kernel: ACPI: LAPIC (acpi_id[0x31] lapic_id[0x37] enabled)
Apr 23 15:59:41 czp-db2 kernel: ACPI: LAPIC (acpi_id[0x39] lapic_id[0x41] enabled)
Apr 23 15:59:41 czp-db2 kernel: ACPI: LAPIC (acpi_id[0x3b] lapic_id[0x43] enabled)
Apr 23 15:59:41 czp-db2 kernel: ACPI: LAPIC (acpi_id[0x3d] lapic_id[0x45] enabled)
Apr 23 15:59:41 czp-db2 kernel: ACPI: LAPIC (acpi_id[0x3f] lapic_id[0x47] enabled)
Apr 23 15:59:41 czp-db2 kernel: ACPI: LAPIC (acpi_id[0x41] lapic_id[0x49] enabled)
Apr 23 15:59:41 czp-db2 kernel: ACPI: LAPIC (acpi_id[0x47] lapic_id[0x51] enabled)
Apr 23 15:59:41 czp-db2 kernel: ACPI: LAPIC (acpi_id[0x49] lapic_id[0x53] enabled)
Apr 23 15:59:41 czp-db2 kernel: ACPI: LAPIC (acpi_id[0x4b] lapic_id[0x55] enabled)
Apr 23 15:59:41 czp-db2 kernel: ACPI: LAPIC (acpi_id[0x4d] lapic_id[0x57] enabled)
Apr 23 15:59:41 czp-db2 kernel: ACPI: LAPIC (acpi_id[0x55] lapic_id[0x61] enabled)
Apr 23 15:59:41 czp-db2 kernel: ACPI: LAPIC (acpi_id[0x57] lapic_id[0x63] enabled)
Apr 23 15:59:41 czp-db2 kernel: ACPI: LAPIC (acpi_id[0x59] lapic_id[0x65] enabled)
Apr 23 15:59:41 czp-db2 kernel: ACPI: LAPIC (acpi_id[0x5b] lapic_id[0x67] enabled)
Apr 23 15:59:41 czp-db2 kernel: ACPI: LAPIC (acpi_id[0x5d] lapic_id[0x69] enabled)
Apr 23 15:59:41 czp-db2 kernel: ACPI: LAPIC (acpi_id[0x63] lapic_id[0x71] enabled)
Apr 23 15:59:41 czp-db2 kernel: ACPI: LAPIC (acpi_id[0x65] lapic_id[0x73] enabled)
Apr 23 15:59:41 czp-db2 kernel: ACPI: LAPIC (acpi_id[0x67] lapic_id[0x75] enabled)
Apr 23 15:59:41 czp-db2 kernel: ACPI: LAPIC (acpi_id[0x69] lapic_id[0x77] enabled)
Apr 23 15:59:41 czp-db2 kernel: ACPI: LAPIC (acpi_id[0x71] lapic_id[0x81] enabled)
Apr 23 15:59:41 czp-db2 kernel: ACPI: LAPIC (acpi_id[0x73] lapic_id[0x83] enabled)
Apr 23 15:59:41 czp-db2 kernel: ACPI: LAPIC (acpi_id[0x75] lapic_id[0x85] enabled)
Apr 23 15:59:41 czp-db2 kernel: ACPI: LAPIC (acpi_id[0x77] lapic_id[0x87] enabled)
Apr 23 15:59:41 czp-db2 kernel: ACPI: LAPIC (acpi_id[0x79] lapic_id[0x89] enabled)
Apr 23 15:59:41 czp-db2 kernel: ACPI: LAPIC (acpi_id[0x7f] lapic_id[0x91] enabled)
Apr 23 15:59:41 czp-db2 kernel: ACPI: LAPIC (acpi_id[0x81] lapic_id[0x93] enabled)
Apr 23 15:59:41 czp-db2 kernel: ACPI: LAPIC (acpi_id[0x83] lapic_id[0x95] enabled)
Apr 23 15:59:41 czp-db2 kernel: ACPI: LAPIC (acpi_id[0x85] lapic_id[0x97] enabled)
Apr 23 15:59:41 czp-db2 kernel: ACPI: LAPIC (acpi_id[0x8d] lapic_id[0xa1] enabled)
Apr 23 15:59:41 czp-db2 kernel: ACPI: LAPIC (acpi_id[0x8f] lapic_id[0xa3] enabled)
Apr 23 15:59:41 czp-db2 kernel: ACPI: LAPIC (acpi_id[0x91] lapic_id[0xa5] enabled)
Apr 23 15:59:41 czp-db2 kernel: ACPI: LAPIC (acpi_id[0x93] lapic_id[0xa7] enabled)
Apr 23 15:59:41 czp-db2 kernel: ACPI: LAPIC (acpi_id[0x95] lapic_id[0xa9] enabled)
Apr 23 15:59:41 czp-db2 kernel: ACPI: LAPIC (acpi_id[0x9b] lapic_id[0xb1] enabled)
Apr 23 15:59:41 czp-db2 kernel: ACPI: LAPIC (acpi_id[0x9d] lapic_id[0xb3] enabled)
Apr 23 15:59:41 czp-db2 kernel: ACPI: LAPIC (acpi_id[0x9f] lapic_id[0xb5] enabled)
Apr 23 15:59:41 czp-db2 kernel: ACPI: LAPIC (acpi_id[0xa1] lapic_id[0xb7] enabled)
Apr 23 15:59:41 czp-db2 kernel: ACPI: LAPIC (acpi_id[0xa9] lapic_id[0xc1] enabled)
Apr 23 15:59:41 czp-db2 kernel: ACPI: LAPIC (acpi_id[0xab] lapic_id[0xc3] enabled)
Apr 23 15:59:41 czp-db2 kernel: ACPI: LAPIC (acpi_id[0xad] lapic_id[0xc5] enabled)
Apr 23 15:59:41 czp-db2 kernel: ACPI: LAPIC (acpi_id[0xaf] lapic_id[0xc7] enabled)
Apr 23 15:59:41 czp-db2 kernel: ACPI: LAPIC (acpi_id[0xb1] lapic_id[0xc9] enabled)
Apr 23 15:59:41 czp-db2 kernel: ACPI: LAPIC (acpi_id[0xb7] lapic_id[0xd1] enabled)
Apr 23 15:59:41 czp-db2 kernel: ACPI: LAPIC (acpi_id[0xb9] lapic_id[0xd3] enabled)
Apr 23 15:59:41 czp-db2 kernel: ACPI: LAPIC (acpi_id[0xbb] lapic_id[0xd5] enabled)
Apr 23 15:59:41 czp-db2 kernel: ACPI: LAPIC (acpi_id[0xbd] lapic_id[0xd7] enabled)
Apr 23 15:59:41 czp-db2 kernel: ACPI: LAPIC (acpi_id[0xc5] lapic_id[0xe1] enabled)
Apr 23 15:59:41 czp-db2 kernel: ACPI: LAPIC (acpi_id[0xc7] lapic_id[0xe3] enabled)
Apr 23 15:59:41 czp-db2 kernel: ACPI: LAPIC (acpi_id[0xc9] lapic_id[0xe5] enabled)
Apr 23 15:59:41 czp-db2 kernel: ACPI: LAPIC (acpi_id[0xcb] lapic_id[0xe7] enabled)
Apr 23 15:59:41 czp-db2 kernel: ACPI: LAPIC (acpi_id[0xcd] lapic_id[0xe9] enabled)
Apr 23 15:59:41 czp-db2 kernel: ACPI: LAPIC (acpi_id[0xd3] lapic_id[0xf1] enabled)
Apr 23 15:59:41 czp-db2 kernel: ACPI: LAPIC (acpi_id[0xd5] lapic_id[0xf3] enabled)
Apr 23 15:59:41 czp-db2 kernel: ACPI: LAPIC (acpi_id[0xd7] lapic_id[0xf5] enabled)
Apr 23 15:59:41 czp-db2 kernel: ACPI: LAPIC (acpi_id[0xd9] lapic_id[0xf7] enabled)
Apr 23 15:59:41 czp-db2 kernel: ACPI: LAPIC (acpi_id[0xff] lapic_id[0xff] disabled)
Apr 23 15:59:41 czp-db2 last message repeated 79 times
Apr 23 15:59:41 czp-db2 kernel: ACPI: X2APIC (apic_id[0xffffffff] uid[0x00] disabled)
Apr 23 15:59:41 czp-db2 kernel: ACPI: X2APIC (apic_id[0xffffffff] uid[0x01] disabled)
Apr 23 15:59:41 czp-db2 kernel: ACPI: X2APIC (apic_id[0xffffffff] uid[0x02] disabled)
Apr 23 15:59:41 czp-db2 kernel: ACPI: X2APIC (apic_id[0xffffffff] uid[0x03] disabled)
Apr 23 15:59:41 czp-db2 kernel: ACPI: X2APIC (apic_id[0xffffffff] uid[0x04] disabled)
Apr 23 15:59:41 czp-db2 kernel: ACPI: X2APIC (apic_id[0xffffffff] uid[0x05] disabled)
Apr 23 15:59:41 czp-db2 kernel: ACPI: X2APIC (apic_id[0xffffffff] uid[0x06] disabled)
Apr 23 15:59:41 czp-db2 kernel: ACPI: X2APIC (apic_id[0xffffffff] uid[0x07] disabled)
Apr 23 15:59:41 czp-db2 kernel: ACPI: X2APIC (apic_id[0xffffffff] uid[0x08] disabled)
Apr 23 15:59:41 czp-db2 kernel: ACPI: X2APIC (apic_id[0xffffffff] uid[0x09] disabled)
Apr 23 15:59:41 czp-db2 kernel: ACPI: X2APIC (apic_id[0xffffffff] uid[0x0a] disabled)
Apr 23 15:59:41 czp-db2 kernel: ACPI: X2APIC (apic_id[0xffffffff] uid[0x0b] disabled)
Apr 23 15:59:41 czp-db2 kernel: ACPI: X2APIC (apic_id[0xffffffff] uid[0x0c] disabled)
Apr 23 15:59:41 czp-db2 kernel: ACPI: X2APIC (apic_id[0xffffffff] uid[0x0d] disabled)
Apr 23 15:59:41 czp-db2 kernel: ACPI: X2APIC (apic_id[0xffffffff] uid[0x0e] disabled)
Apr 23 15:59:41 czp-db2 kernel: ACPI: X2APIC (apic_id[0xffffffff] uid[0x0f] disabled)
Apr 23 15:59:41 czp-db2 kernel: ACPI: X2APIC (apic_id[0xffffffff] uid[0x10] disabled)
Apr 23 15:59:41 czp-db2 kernel: ACPI: X2APIC (apic_id[0xffffffff] uid[0x11] disabled)
Apr 23 15:59:41 czp-db2 kernel: ACPI: X2APIC (apic_id[0xffffffff] uid[0x12] disabled)
Apr 23 15:59:41 czp-db2 kernel: ACPI: X2APIC (apic_id[0xffffffff] uid[0x13] disabled)
Apr 23 15:59:41 czp-db2 kernel: ACPI: X2APIC (apic_id[0xffffffff] uid[0x14] disabled)
Apr 23 15:59:41 czp-db2 kernel: ACPI: X2APIC (apic_id[0xffffffff] uid[0x15] disabled)
Apr 23 15:59:41 czp-db2 kernel: ACPI: X2APIC (apic_id[0xffffffff] uid[0x16] disabled)
Apr 23 15:59:41 czp-db2 kernel: ACPI: X2APIC (apic_id[0xffffffff] uid[0x17] disabled)
Apr 23 15:59:41 czp-db2 kernel: ACPI: X2APIC (apic_id[0xffffffff] uid[0x18] disabled)
Apr 23 15:59:41 czp-db2 kernel: ACPI: X2APIC (apic_id[0xffffffff] uid[0x19] disabled)
Apr 23 15:59:41 czp-db2 kernel: ACPI: X2APIC (apic_id[0xffffffff] uid[0x1a] disabled)
Apr 23 15:59:41 czp-db2 kernel: ACPI: X2APIC (apic_id[0xffffffff] uid[0x1b] disabled)
Apr 23 15:59:41 czp-db2 kernel: ACPI: X2APIC (apic_id[0xffffffff] uid[0x1c] disabled)
Apr 23 15:59:41 czp-db2 kernel: ACPI: X2APIC (apic_id[0xffffffff] uid[0x1d] disabled)
Apr 23 15:59:41 czp-db2 kernel: ACPI: X2APIC (apic_id[0xffffffff] uid[0x1e] disabled)
Apr 23 15:59:41 czp-db2 kernel: ACPI: X2APIC (apic_id[0xffffffff] uid[0x1f] disabled)
Apr 23 15:59:41 czp-db2 kernel: ACPI: X2APIC (apic_id[0xffffffff] uid[0x20] disabled)
Apr 23 15:59:41 czp-db2 kernel: ACPI: X2APIC (apic_id[0xffffffff] uid[0x21] disabled)
Apr 23 15:59:41 czp-db2 kernel: ACPI: X2APIC (apic_id[0xffffffff] uid[0x22] disabled)
Apr 23 15:59:41 czp-db2 kernel: ACPI: X2APIC (apic_id[0xffffffff] uid[0x23] disabled)
Apr 23 15:59:41 czp-db2 kernel: ACPI: X2APIC (apic_id[0xffffffff] uid[0x24] disabled)
Apr 23 15:59:41 czp-db2 kernel: ACPI: X2APIC (apic_id[0xffffffff] uid[0x25] disabled)
Apr 23 15:59:41 czp-db2 kernel: ACPI: X2APIC (apic_id[0xffffffff] uid[0x26] disabled)
Apr 23 15:59:41 czp-db2 kernel: ACPI: X2APIC (apic_id[0xffffffff] uid[0x27] disabled)
Apr 23 15:59:41 czp-db2 kernel: ACPI: X2APIC (apic_id[0xffffffff] uid[0x28] disabled)
Apr 23 15:59:41 czp-db2 kernel: ACPI: X2APIC (apic_id[0xffffffff] uid[0x29] disabled)
Apr 23 15:59:41 czp-db2 kernel: ACPI: X2APIC (apic_id[0xffffffff] uid[0x2a] disabled)
Apr 23 15:59:41 czp-db2 kernel: ACPI: X2APIC (apic_id[0xffffffff] uid[0x2b] disabled)
Apr 23 15:59:41 czp-db2 kernel: ACPI: X2APIC (apic_id[0xffffffff] uid[0x2c] disabled)
Apr 23 15:59:41 czp-db2 kernel: ACPI: X2APIC (apic_id[0xffffffff] uid[0x2d] disabled)
Apr 23 15:59:41 czp-db2 kernel: ACPI: X2APIC (apic_id[0xffffffff] uid[0x2e] disabled)
Apr 23 15:59:41 czp-db2 kernel: ACPI: X2APIC (apic_id[0xffffffff] uid[0x2f] disabled)
Apr 23 15:59:41 czp-db2 kernel: ACPI: X2APIC (apic_id[0xffffffff] uid[0x30] disabled)
Apr 23 15:59:41 czp-db2 kernel: ACPI: X2APIC (apic_id[0xffffffff] uid[0x31] disabled)
Apr 23 15:59:41 czp-db2 kernel: ACPI: X2APIC (apic_id[0xffffffff] uid[0x32] disabled)
Apr 23 15:59:41 czp-db2 kernel: ACPI: X2APIC (apic_id[0xffffffff] uid[0x33] disabled)
Apr 23 15:59:41 czp-db2 kernel: ACPI: X2APIC (apic_id[0xffffffff] uid[0x34] disabled)
Apr 23 15:59:41 czp-db2 kernel: ACPI: X2APIC (apic_id[0xffffffff] uid[0x35] disabled)
Apr 23 15:59:41 czp-db2 kernel: ACPI: X2APIC (apic_id[0xffffffff] uid[0x36] disabled)
Apr 23 15:59:41 czp-db2 kernel: ACPI: X2APIC (apic_id[0xffffffff] uid[0x37] disabled)
Apr 23 15:59:41 czp-db2 kernel: ACPI: X2APIC (apic_id[0xffffffff] uid[0x38] disabled)
Apr 23 15:59:41 czp-db2 kernel: ACPI: X2APIC (apic_id[0xffffffff] uid[0x39] disabled)
Apr 23 15:59:41 czp-db2 kernel: ACPI: X2APIC (apic_id[0xffffffff] uid[0x3a] disabled)
Apr 23 15:59:41 czp-db2 kernel: ACPI: X2APIC (apic_id[0xffffffff] uid[0x3b] disabled)
Apr 23 15:59:41 czp-db2 kernel: ACPI: X2APIC (apic_id[0xffffffff] uid[0x3c] disabled)
Apr 23 15:59:41 czp-db2 kernel: ACPI: X2APIC (apic_id[0xffffffff] uid[0x3d] disabled)
Apr 23 15:59:41 czp-db2 kernel: ACPI: X2APIC (apic_id[0xffffffff] uid[0x3e] disabled)
Apr 23 15:59:41 czp-db2 kernel: ACPI: X2APIC (apic_id[0xffffffff] uid[0x3f] disabled)
Apr 23 15:59:41 czp-db2 kernel: ACPI: X2APIC (apic_id[0xffffffff] uid[0x40] disabled)
Apr 23 15:59:41 czp-db2 kernel: ACPI: X2APIC (apic_id[0xffffffff] uid[0x41] disabled)
Apr 23 15:59:41 czp-db2 kernel: ACPI: X2APIC (apic_id[0xffffffff] uid[0x42] disabled)
Apr 23 15:59:41 czp-db2 kernel: ACPI: X2APIC (apic_id[0xffffffff] uid[0x43] disabled)
Apr 23 15:59:41 czp-db2 kernel: ACPI: X2APIC (apic_id[0xffffffff] uid[0x44] disabled)
Apr 23 15:59:41 czp-db2 kernel: ACPI: X2APIC (apic_id[0xffffffff] uid[0x45] disabled)
Apr 23 15:59:41 czp-db2 kernel: ACPI: X2APIC (apic_id[0xffffffff] uid[0x46] disabled)
Apr 23 15:59:41 czp-db2 kernel: ACPI: X2APIC (apic_id[0xffffffff] uid[0x47] disabled)
Apr 23 15:59:41 czp-db2 kernel: ACPI: X2APIC (apic_id[0xffffffff] uid[0x48] disabled)
Apr 23 15:59:41 czp-db2 kernel: ACPI: X2APIC (apic_id[0xffffffff] uid[0x49] disabled)
Apr 23 15:59:41 czp-db2 kernel: ACPI: X2APIC (apic_id[0xffffffff] uid[0x4a] disabled)
Apr 23 15:59:41 czp-db2 kernel: ACPI: X2APIC (apic_id[0xffffffff] uid[0x4b] disabled)
Apr 23 15:59:41 czp-db2 kernel: ACPI: X2APIC (apic_id[0xffffffff] uid[0x4c] disabled)
Apr 23 15:59:41 czp-db2 kernel: ACPI: X2APIC (apic_id[0xffffffff] uid[0x4d] disabled)
Apr 23 15:59:41 czp-db2 kernel: ACPI: X2APIC (apic_id[0xffffffff] uid[0x4e] disabled)
Apr 23 15:59:41 czp-db2 kernel: ACPI: X2APIC (apic_id[0xffffffff] uid[0x4f] disabled)
Apr 23 15:59:41 czp-db2 kernel: ACPI: X2APIC (apic_id[0xffffffff] uid[0x50] disabled)
Apr 23 15:59:41 czp-db2 kernel: ACPI: X2APIC (apic_id[0xffffffff] uid[0x51] disabled)
Apr 23 15:59:41 czp-db2 kernel: ACPI: X2APIC (apic_id[0xffffffff] uid[0x52] disabled)
Apr 23 15:59:41 czp-db2 kernel: ACPI: X2APIC (apic_id[0xffffffff] uid[0x53] disabled)
Apr 23 15:59:41 czp-db2 kernel: ACPI: X2APIC (apic_id[0xffffffff] uid[0x54] disabled)
Apr 23 15:59:41 czp-db2 kernel: ACPI: X2APIC (apic_id[0xffffffff] uid[0x55] disabled)
Apr 23 15:59:41 czp-db2 kernel: ACPI: X2APIC (apic_id[0xffffffff] uid[0x56] disabled)
Apr 23 15:59:41 czp-db2 kernel: ACPI: X2APIC (apic_id[0xffffffff] uid[0x57] disabled)
Apr 23 15:59:41 czp-db2 kernel: ACPI: X2APIC (apic_id[0xffffffff] uid[0x58] disabled)
Apr 23 15:59:41 czp-db2 kernel: ACPI: X2APIC (apic_id[0xffffffff] uid[0x59] disabled)
Apr 23 15:59:41 czp-db2 kernel: ACPI: X2APIC (apic_id[0xffffffff] uid[0x5a] disabled)
Apr 23 15:59:41 czp-db2 kernel: ACPI: X2APIC (apic_id[0xffffffff] uid[0x5b] disabled)
Apr 23 15:59:41 czp-db2 kernel: ACPI: X2APIC (apic_id[0xffffffff] uid[0x5c] disabled)
Apr 23 15:59:41 czp-db2 kernel: ACPI: X2APIC (apic_id[0xffffffff] uid[0x5d] disabled)
Apr 23 15:59:41 czp-db2 kernel: ACPI: X2APIC (apic_id[0xffffffff] uid[0x5e] disabled)
Apr 23 15:59:41 czp-db2 kernel: ACPI: X2APIC (apic_id[0xffffffff] uid[0x5f] disabled)
Apr 23 15:59:41 czp-db2 kernel: ACPI: X2APIC (apic_id[0xffffffff] uid[0x60] disabled)
Apr 23 15:59:41 czp-db2 kernel: ACPI: X2APIC (apic_id[0xffffffff] uid[0x61] disabled)
Apr 23 15:59:41 czp-db2 kernel: ACPI: X2APIC (apic_id[0xffffffff] uid[0x62] disabled)
Apr 23 15:59:41 czp-db2 kernel: ACPI: X2APIC (apic_id[0xffffffff] uid[0x63] disabled)
Apr 23 15:59:41 czp-db2 kernel: ACPI: X2APIC (apic_id[0xffffffff] uid[0x64] disabled)
Apr 23 15:59:41 czp-db2 kernel: ACPI: X2APIC (apic_id[0xffffffff] uid[0x65] disabled)
Apr 23 15:59:41 czp-db2 kernel: ACPI: X2APIC (apic_id[0xffffffff] uid[0x66] disabled)
Apr 23 15:59:41 czp-db2 kernel: ACPI: X2APIC (apic_id[0xffffffff] uid[0x67] disabled)
Apr 23 15:59:41 czp-db2 kernel: ACPI: X2APIC (apic_id[0xffffffff] uid[0x68] disabled)
Apr 23 15:59:41 czp-db2 kernel: ACPI: X2APIC (apic_id[0xffffffff] uid[0x69] disabled)
Apr 23 15:59:41 czp-db2 kernel: ACPI: X2APIC (apic_id[0xffffffff] uid[0x6a] disabled)
Apr 23 15:59:41 czp-db2 kernel: ACPI: X2APIC (apic_id[0xffffffff] uid[0x6b] disabled)
Apr 23 15:59:41 czp-db2 kernel: ACPI: X2APIC (apic_id[0xffffffff] uid[0x6c] disabled)
Apr 23 15:59:41 czp-db2 kernel: ACPI: X2APIC (apic_id[0xffffffff] uid[0x6d] disabled)
Apr 23 15:59:41 czp-db2 kernel: ACPI: X2APIC (apic_id[0xffffffff] uid[0x6e] disabled)
Apr 23 15:59:41 czp-db2 kernel: ACPI: X2APIC (apic_id[0xffffffff] uid[0x6f] disabled)
Apr 23 15:59:41 czp-db2 kernel: ACPI: X2APIC (apic_id[0xffffffff] uid[0x70] disabled)
Apr 23 15:59:41 czp-db2 kernel: ACPI: X2APIC (apic_id[0xffffffff] uid[0x71] disabled)
Apr 23 15:59:41 czp-db2 kernel: ACPI: X2APIC (apic_id[0xffffffff] uid[0x72] disabled)
Apr 23 15:59:41 czp-db2 kernel: ACPI: X2APIC (apic_id[0xffffffff] uid[0x73] disabled)
Apr 23 15:59:41 czp-db2 kernel: ACPI: X2APIC (apic_id[0xffffffff] uid[0x74] disabled)
Apr 23 15:59:41 czp-db2 kernel: ACPI: X2APIC (apic_id[0xffffffff] uid[0x75] disabled)
Apr 23 15:59:41 czp-db2 kernel: ACPI: X2APIC (apic_id[0xffffffff] uid[0x76] disabled)
Apr 23 15:59:41 czp-db2 kernel: ACPI: X2APIC (apic_id[0xffffffff] uid[0x77] disabled)
Apr 23 15:59:41 czp-db2 kernel: ACPI: X2APIC (apic_id[0xffffffff] uid[0x78] disabled)
Apr 23 15:59:41 czp-db2 kernel: ACPI: X2APIC (apic_id[0xffffffff] uid[0x79] disabled)
Apr 23 15:59:41 czp-db2 kernel: ACPI: X2APIC (apic_id[0xffffffff] uid[0x7a] disabled)
Apr 23 15:59:41 czp-db2 kernel: ACPI: X2APIC (apic_id[0xffffffff] uid[0x7b] disabled)
Apr 23 15:59:41 czp-db2 kernel: ACPI: X2APIC (apic_id[0xffffffff] uid[0x7c] disabled)
Apr 23 15:59:41 czp-db2 kernel: ACPI: X2APIC (apic_id[0xffffffff] uid[0x7d] disabled)
Apr 23 15:59:41 czp-db2 kernel: ACPI: X2APIC (apic_id[0xffffffff] uid[0x7e] disabled)
Apr 23 15:59:41 czp-db2 kernel: ACPI: X2APIC (apic_id[0xffffffff] uid[0x7f] disabled)
Apr 23 15:59:41 czp-db2 kernel: ACPI: X2APIC (apic_id[0xffffffff] uid[0x80] disabled)
Apr 23 15:59:41 czp-db2 kernel: ACPI: X2APIC (apic_id[0xffffffff] uid[0x81] disabled)
Apr 23 15:59:41 czp-db2 kernel: ACPI: X2APIC (apic_id[0xffffffff] uid[0x82] disabled)
Apr 23 15:59:41 czp-db2 kernel: ACPI: X2APIC (apic_id[0xffffffff] uid[0x83] disabled)
Apr 23 15:59:41 czp-db2 kernel: ACPI: X2APIC (apic_id[0xffffffff] uid[0x84] disabled)
Apr 23 15:59:41 czp-db2 kernel: ACPI: X2APIC (apic_id[0xffffffff] uid[0x85] disabled)
Apr 23 15:59:41 czp-db2 kernel: ACPI: X2APIC (apic_id[0xffffffff] uid[0x86] disabled)
Apr 23 15:59:41 czp-db2 kernel: ACPI: X2APIC (apic_id[0xffffffff] uid[0x87] disabled)
Apr 23 15:59:41 czp-db2 kernel: ACPI: X2APIC (apic_id[0xffffffff] uid[0x88] disabled)
Apr 23 15:59:41 czp-db2 kernel: ACPI: X2APIC (apic_id[0xffffffff] uid[0x89] disabled)
Apr 23 15:59:41 czp-db2 kernel: ACPI: X2APIC (apic_id[0xffffffff] uid[0x8a] disabled)
Apr 23 15:59:41 czp-db2 kernel: ACPI: X2APIC (apic_id[0xffffffff] uid[0x8b] disabled)
Apr 23 15:59:41 czp-db2 kernel: ACPI: X2APIC (apic_id[0xffffffff] uid[0x8c] disabled)
Apr 23 15:59:41 czp-db2 kernel: ACPI: X2APIC (apic_id[0xffffffff] uid[0x8d] disabled)
Apr 23 15:59:41 czp-db2 kernel: ACPI: X2APIC (apic_id[0xffffffff] uid[0x8e] disabled)
Apr 23 15:59:41 czp-db2 kernel: ACPI: X2APIC (apic_id[0xffffffff] uid[0x8f] disabled)
Apr 23 15:59:41 czp-db2 kernel: ACPI: X2APIC (apic_id[0xffffffff] uid[0x90] disabled)
Apr 23 15:59:41 czp-db2 kernel: ACPI: X2APIC (apic_id[0xffffffff] uid[0x91] disabled)
Apr 23 15:59:41 czp-db2 kernel: ACPI: X2APIC (apic_id[0xffffffff] uid[0x92] disabled)
Apr 23 15:59:41 czp-db2 kernel: ACPI: X2APIC (apic_id[0xffffffff] uid[0x93] disabled)
Apr 23 15:59:41 czp-db2 kernel: ACPI: X2APIC (apic_id[0xffffffff] uid[0x94] disabled)
Apr 23 15:59:41 czp-db2 kernel: ACPI: X2APIC (apic_id[0xffffffff] uid[0x95] disabled)
Apr 23 15:59:41 czp-db2 kernel: ACPI: X2APIC (apic_id[0xffffffff] uid[0x96] disabled)
Apr 23 15:59:41 czp-db2 kernel: ACPI: X2APIC (apic_id[0xffffffff] uid[0x97] disabled)
Apr 23 15:59:41 czp-db2 kernel: ACPI: X2APIC (apic_id[0xffffffff] uid[0x98] disabled)
Apr 23 15:59:41 czp-db2 kernel: ACPI: X2APIC (apic_id[0xffffffff] uid[0x99] disabled)
Apr 23 15:59:41 czp-db2 kernel: ACPI: X2APIC (apic_id[0xffffffff] uid[0x9a] disabled)
Apr 23 15:59:41 czp-db2 kernel: ACPI: X2APIC (apic_id[0xffffffff] uid[0x9b] disabled)
Apr 23 15:59:41 czp-db2 kernel: ACPI: X2APIC (apic_id[0xffffffff] uid[0x9c] disabled)
Apr 23 15:59:41 czp-db2 kernel: ACPI: X2APIC (apic_id[0xffffffff] uid[0x9d] disabled)
Apr 23 15:59:41 czp-db2 kernel: ACPI: X2APIC (apic_id[0xffffffff] uid[0x9e] disabled)
Apr 23 15:59:41 czp-db2 kernel: ACPI: X2APIC (apic_id[0xffffffff] uid[0x9f] disabled)
Apr 23 15:59:41 czp-db2 kernel: ACPI: X2APIC (apic_id[0xffffffff] uid[0xa0] disabled)
Apr 23 15:59:41 czp-db2 kernel: ACPI: X2APIC (apic_id[0xffffffff] uid[0xa1] disabled)
Apr 23 15:59:41 czp-db2 kernel: ACPI: X2APIC (apic_id[0xffffffff] uid[0xa2] disabled)
Apr 23 15:59:41 czp-db2 kernel: ACPI: X2APIC (apic_id[0xffffffff] uid[0xa3] disabled)
Apr 23 15:59:41 czp-db2 kernel: ACPI: X2APIC (apic_id[0xffffffff] uid[0xa4] disabled)
Apr 23 15:59:41 czp-db2 kernel: ACPI: X2APIC (apic_id[0xffffffff] uid[0xa5] disabled)
Apr 23 15:59:41 czp-db2 kernel: ACPI: X2APIC (apic_id[0xffffffff] uid[0xa6] disabled)
Apr 23 15:59:41 czp-db2 kernel: ACPI: X2APIC (apic_id[0xffffffff] uid[0xa7] disabled)
Apr 23 15:59:41 czp-db2 kernel: ACPI: X2APIC (apic_id[0xffffffff] uid[0xa8] disabled)
Apr 23 15:59:41 czp-db2 kernel: ACPI: X2APIC (apic_id[0xffffffff] uid[0xa9] disabled)
Apr 23 15:59:41 czp-db2 kernel: ACPI: X2APIC (apic_id[0xffffffff] uid[0xaa] disabled)
Apr 23 15:59:41 czp-db2 kernel: ACPI: X2APIC (apic_id[0xffffffff] uid[0xab] disabled)
Apr 23 15:59:41 czp-db2 kernel: ACPI: X2APIC (apic_id[0xffffffff] uid[0xac] disabled)
Apr 23 15:59:41 czp-db2 kernel: ACPI: X2APIC (apic_id[0xffffffff] uid[0xad] disabled)
Apr 23 15:59:41 czp-db2 kernel: ACPI: X2APIC (apic_id[0xffffffff] uid[0xae] disabled)
Apr 23 15:59:41 czp-db2 kernel: ACPI: X2APIC (apic_id[0xffffffff] uid[0xaf] disabled)
Apr 23 15:59:41 czp-db2 kernel: ACPI: X2APIC (apic_id[0xffffffff] uid[0xb0] disabled)
Apr 23 15:59:41 czp-db2 kernel: ACPI: X2APIC (apic_id[0xffffffff] uid[0xb1] disabled)
Apr 23 15:59:41 czp-db2 kernel: ACPI: X2APIC (apic_id[0xffffffff] uid[0xb2] disabled)
Apr 23 15:59:41 czp-db2 kernel: ACPI: X2APIC (apic_id[0xffffffff] uid[0xb3] disabled)
Apr 23 15:59:41 czp-db2 kernel: ACPI: X2APIC (apic_id[0xffffffff] uid[0xb4] disabled)
Apr 23 15:59:41 czp-db2 kernel: ACPI: X2APIC (apic_id[0xffffffff] uid[0xb5] disabled)
Apr 23 15:59:41 czp-db2 kernel: ACPI: X2APIC (apic_id[0xffffffff] uid[0xb6] disabled)
Apr 23 15:59:41 czp-db2 kernel: ACPI: X2APIC (apic_id[0xffffffff] uid[0xb7] disabled)
Apr 23 15:59:41 czp-db2 kernel: ACPI: X2APIC (apic_id[0xffffffff] uid[0xb8] disabled)
Apr 23 15:59:41 czp-db2 kernel: ACPI: X2APIC (apic_id[0xffffffff] uid[0xb9] disabled)
Apr 23 15:59:41 czp-db2 kernel: ACPI: X2APIC (apic_id[0xffffffff] uid[0xba] disabled)
Apr 23 15:59:41 czp-db2 kernel: ACPI: X2APIC (apic_id[0xffffffff] uid[0xbb] disabled)
Apr 23 15:59:41 czp-db2 kernel: ACPI: X2APIC (apic_id[0xffffffff] uid[0xbc] disabled)
Apr 23 15:59:41 czp-db2 kernel: ACPI: X2APIC (apic_id[0xffffffff] uid[0xbd] disabled)
Apr 23 15:59:41 czp-db2 kernel: ACPI: X2APIC (apic_id[0xffffffff] uid[0xbe] disabled)
Apr 23 15:59:41 czp-db2 kernel: ACPI: X2APIC (apic_id[0xffffffff] uid[0xbf] disabled)
Apr 23 15:59:41 czp-db2 kernel: ACPI: X2APIC (apic_id[0xffffffff] uid[0xc0] disabled)
Apr 23 15:59:41 czp-db2 kernel: ACPI: X2APIC (apic_id[0xffffffff] uid[0xc1] disabled)
Apr 23 15:59:41 czp-db2 kernel: ACPI: X2APIC (apic_id[0xffffffff] uid[0xc2] disabled)
Apr 23 15:59:41 czp-db2 kernel: ACPI: X2APIC (apic_id[0xffffffff] uid[0xc3] disabled)
Apr 23 15:59:41 czp-db2 kernel: ACPI: X2APIC (apic_id[0xffffffff] uid[0xc4] disabled)
Apr 23 15:59:41 czp-db2 kernel: ACPI: X2APIC (apic_id[0xffffffff] uid[0xc5] disabled)
Apr 23 15:59:41 czp-db2 kernel: ACPI: X2APIC (apic_id[0xffffffff] uid[0xc6] disabled)
Apr 23 15:59:41 czp-db2 kernel: ACPI: X2APIC (apic_id[0xffffffff] uid[0xc7] disabled)
Apr 23 15:59:41 czp-db2 kernel: ACPI: X2APIC (apic_id[0xffffffff] uid[0xc8] disabled)
Apr 23 15:59:41 czp-db2 kernel: ACPI: X2APIC (apic_id[0xffffffff] uid[0xc9] disabled)
Apr 23 15:59:41 czp-db2 kernel: ACPI: X2APIC (apic_id[0xffffffff] uid[0xca] disabled)
Apr 23 15:59:41 czp-db2 kernel: ACPI: X2APIC (apic_id[0xffffffff] uid[0xcb] disabled)
Apr 23 15:59:41 czp-db2 kernel: ACPI: X2APIC (apic_id[0xffffffff] uid[0xcc] disabled)
Apr 23 15:59:41 czp-db2 kernel: ACPI: X2APIC (apic_id[0xffffffff] uid[0xcd] disabled)
Apr 23 15:59:41 czp-db2 kernel: ACPI: X2APIC (apic_id[0xffffffff] uid[0xce] disabled)
Apr 23 15:59:41 czp-db2 kernel: ACPI: X2APIC (apic_id[0xffffffff] uid[0xcf] disabled)
Apr 23 15:59:41 czp-db2 kernel: ACPI: X2APIC (apic_id[0xffffffff] uid[0xd0] disabled)
Apr 23 15:59:41 czp-db2 kernel: ACPI: X2APIC (apic_id[0xffffffff] uid[0xd1] disabled)
Apr 23 15:59:41 czp-db2 kernel: ACPI: X2APIC (apic_id[0xffffffff] uid[0xd2] disabled)
Apr 23 15:59:41 czp-db2 kernel: ACPI: X2APIC (apic_id[0xffffffff] uid[0xd3] disabled)
Apr 23 15:59:41 czp-db2 kernel: ACPI: X2APIC (apic_id[0xffffffff] uid[0xd4] disabled)
Apr 23 15:59:41 czp-db2 kernel: ACPI: X2APIC (apic_id[0xffffffff] uid[0xd5] disabled)
Apr 23 15:59:41 czp-db2 kernel: ACPI: X2APIC (apic_id[0xffffffff] uid[0xd6] disabled)
Apr 23 15:59:41 czp-db2 kernel: ACPI: X2APIC (apic_id[0xffffffff] uid[0xd7] disabled)
Apr 23 15:59:41 czp-db2 kernel: ACPI: X2APIC (apic_id[0xffffffff] uid[0xd8] disabled)
Apr 23 15:59:41 czp-db2 kernel: ACPI: X2APIC (apic_id[0xffffffff] uid[0xd9] disabled)
Apr 23 15:59:41 czp-db2 kernel: ACPI: X2APIC (apic_id[0xffffffff] uid[0xda] disabled)
Apr 23 15:59:41 czp-db2 kernel: ACPI: X2APIC (apic_id[0xffffffff] uid[0xdb] disabled)
Apr 23 15:59:41 czp-db2 kernel: ACPI: X2APIC (apic_id[0xffffffff] uid[0xdc] disabled)
Apr 23 15:59:41 czp-db2 kernel: ACPI: X2APIC (apic_id[0xffffffff] uid[0xdd] disabled)
Apr 23 15:59:41 czp-db2 kernel: ACPI: X2APIC (apic_id[0xffffffff] uid[0xde] disabled)
Apr 23 15:59:41 czp-db2 kernel: ACPI: X2APIC (apic_id[0xffffffff] uid[0xdf] disabled)
Apr 23 15:59:41 czp-db2 kernel: ACPI: X2APIC_NMI (uid[0xffffffff] high level lint[0x1])
Apr 23 15:59:41 czp-db2 kernel: ACPI: LAPIC_NMI (acpi_id[0xff] high level lint[0x1])
Apr 23 15:59:41 czp-db2 kernel: ACPI: IOAPIC (id[0x08] address[0xfec00000] gsi_base[0])
Apr 23 15:59:41 czp-db2 kernel: IOAPIC[0]: apic_id 8, version 32, address 0xfec00000, GSI 0-23
Apr 23 15:59:41 czp-db2 kernel: ACPI: IOAPIC (id[0x09] address[0xfec01000] gsi_base[24])
Apr 23 15:59:41 czp-db2 kernel: IOAPIC[1]: apic_id 9, version 32, address 0xfec01000, GSI 24-31
Apr 23 15:59:41 czp-db2 kernel: ACPI: IOAPIC (id[0x0a] address[0xfec08000] gsi_base[32])
Apr 23 15:59:41 czp-db2 kernel: IOAPIC[2]: apic_id 10, version 32, address 0xfec08000, GSI 32-39
Apr 23 15:59:41 czp-db2 kernel: ACPI: IOAPIC (id[0x0b] address[0xfec10000] gsi_base[40])
Apr 23 15:59:41 czp-db2 kernel: IOAPIC[3]: apic_id 11, version 32, address 0xfec10000, GSI 40-47
Apr 23 15:59:41 czp-db2 kernel: ACPI: IOAPIC (id[0x0c] address[0xfec18000] gsi_base[48])
Apr 23 15:59:41 czp-db2 kernel: IOAPIC[4]: apic_id 12, version 32, address 0xfec18000, GSI 48-55
Apr 23 15:59:41 czp-db2 kernel: ACPI: IOAPIC (id[0x0f] address[0xfec20000] gsi_base[72])
Apr 23 15:59:41 czp-db2 kernel: IOAPIC[5]: apic_id 15, version 32, address 0xfec20000, GSI 72-79
Apr 23 15:59:41 czp-db2 kernel: ACPI: IOAPIC (id[0x10] address[0xfec28000] gsi_base[80])
Apr 23 15:59:41 czp-db2 kernel: IOAPIC[6]: apic_id 16, version 32, address 0xfec28000, GSI 80-87
Apr 23 15:59:41 czp-db2 kernel: ACPI: IOAPIC (id[0x11] address[0xfec30000] gsi_base[88])
Apr 23 15:59:41 czp-db2 kernel: IOAPIC[7]: apic_id 17, version 32, address 0xfec30000, GSI 88-95
Apr 23 15:59:41 czp-db2 kernel: ACPI: IOAPIC (id[0x12] address[0xfec38000] gsi_base[96])
Apr 23 15:59:41 czp-db2 kernel: IOAPIC[8]: apic_id 18, version 32, address 0xfec38000, GSI 96-103
Apr 23 15:59:41 czp-db2 kernel: ACPI: IOAPIC (id[0x15] address[0xfec40000] gsi_base[120])
Apr 23 15:59:41 czp-db2 kernel: IOAPIC[9]: apic_id 21, version 32, address 0xfec40000, GSI 120-127
Apr 23 15:59:41 czp-db2 kernel: ACPI: IOAPIC (id[0x16] address[0xfec48000] gsi_base[128])
Apr 23 15:59:41 czp-db2 kernel: IOAPIC[10]: apic_id 22, version 32, address 0xfec48000, GSI 128-135
Apr 23 15:59:41 czp-db2 kernel: ACPI: IOAPIC (id[0x17] address[0xfec50000] gsi_base[136])
Apr 23 15:59:41 czp-db2 kernel: IOAPIC[11]: apic_id 23, version 32, address 0xfec50000, GSI 136-143
Apr 23 15:59:41 czp-db2 kernel: ACPI: IOAPIC (id[0x18] address[0xfec58000] gsi_base[144])
Apr 23 15:59:41 czp-db2 kernel: IOAPIC[12]: apic_id 24, version 32, address 0xfec58000, GSI 144-151
Apr 23 15:59:41 czp-db2 kernel: ACPI: IOAPIC (id[0x1b] address[0xfec60000] gsi_base[168])
Apr 23 15:59:41 czp-db2 kernel: IOAPIC[13]: apic_id 27, version 32, address 0xfec60000, GSI 168-175
Apr 23 15:59:41 czp-db2 kernel: ACPI: IOAPIC (id[0x1c] address[0xfec68000] gsi_base[176])
Apr 23 15:59:41 czp-db2 kernel: IOAPIC[14]: apic_id 28, version 32, address 0xfec68000, GSI 176-183
Apr 23 15:59:41 czp-db2 kernel: ACPI: IOAPIC (id[0x1d] address[0xfec70000] gsi_base[184])
Apr 23 15:59:41 czp-db2 kernel: IOAPIC[15]: apic_id 29, version 32, address 0xfec70000, GSI 184-191
Apr 23 15:59:41 czp-db2 kernel: ACPI: IOAPIC (id[0x1e] address[0xfec78000] gsi_base[192])
Apr 23 15:59:41 czp-db2 kernel: IOAPIC[16]: apic_id 30, version 32, address 0xfec78000, GSI 192-199
Apr 23 15:59:41 czp-db2 kernel: ACPI: INT_SRC_OVR (bus 0 bus_irq 0 global_irq 2 dfl dfl)
Apr 23 15:59:41 czp-db2 kernel: ACPI: INT_SRC_OVR (bus 0 bus_irq 9 global_irq 9 high level)
Apr 23 15:59:41 czp-db2 kernel: ACPI: IRQ0 used by override.
Apr 23 15:59:41 czp-db2 kernel: ACPI: IRQ2 used by override.
Apr 23 15:59:41 czp-db2 kernel: ACPI: IRQ9 used by override.
Apr 23 15:59:41 czp-db2 kernel: Using ACPI (MADT) for SMP configuration information
Apr 23 15:59:41 czp-db2 kernel: ACPI: HPET id: 0x8086a701 base: 0xfed00000
Apr 23 15:59:41 czp-db2 kernel: SMP: Allowing 448 CPUs, 304 hotplug CPUs
Apr 23 15:59:41 czp-db2 kernel: nr_irqs_gsi: 200
Apr 23 15:59:41 czp-db2 kernel: PM: Registered nosave memory: 000000000009a000 - 00000000000a0000
Apr 23 15:59:41 czp-db2 kernel: PM: Registered nosave memory: 00000000000a0000 - 00000000000e0000
Apr 23 15:59:41 czp-db2 kernel: PM: Registered nosave memory: 00000000000e0000 - 0000000000100000
Apr 23 15:59:41 czp-db2 kernel: PM: Registered nosave memory: 000000006a52a000 - 000000006c62a000
Apr 23 15:59:41 czp-db2 kernel: PM: Registered nosave memory: 000000006c73a000 - 000000006d328000
Apr 23 15:59:41 czp-db2 kernel: PM: Registered nosave memory: 000000006d328000 - 000000006f232000
Apr 23 15:59:41 czp-db2 kernel: PM: Registered nosave memory: 000000006f800000 - 0000000090000000
Apr 23 15:59:41 czp-db2 kernel: PM: Registered nosave memory: 0000000090000000 - 00000000fd000000
Apr 23 15:59:41 czp-db2 kernel: PM: Registered nosave memory: 00000000fd000000 - 00000000fe800000
Apr 23 15:59:41 czp-db2 kernel: PM: Registered nosave memory: 00000000fe800000 - 00000000fed20000
Apr 23 15:59:41 czp-db2 kernel: PM: Registered nosave memory: 00000000fed20000 - 00000000fed45000
Apr 23 15:59:41 czp-db2 kernel: PM: Registered nosave memory: 00000000fed45000 - 00000000ff000000
Apr 23 15:59:41 czp-db2 kernel: PM: Registered nosave memory: 00000000ff000000 - 0000000100000000
Apr 23 15:59:41 czp-db2 kernel: Allocating PCI resources starting at 90000000 (gap: 90000000:6d000000)
Apr 23 15:59:41 czp-db2 kernel: Booting paravirtualized kernel on bare hardware
Apr 23 15:59:41 czp-db2 kernel: NR_CPUS:4096 nr_cpumask_bits:448 nr_cpu_ids:448 nr_node_ids:4
Apr 23 15:59:41 czp-db2 kernel: PERCPU: Embedded 33 pages/cpu @ffff880060e00000 s104088 r8192 d22888 u262144
Apr 23 15:59:41 czp-db2 kernel: pcpu-alloc: s104088 r8192 d22888 u262144 alloc=1*2097152
Apr 23 15:59:41 czp-db2 kernel: pcpu-alloc: [0] 000 001 002 003 004 005 006 007 
Apr 23 15:59:41 czp-db2 kernel: pcpu-alloc: [0] 008 009 010 011 012 013 014 015 
Apr 23 15:59:41 czp-db2 kernel: pcpu-alloc: [0] 016 017 072 073 074 075 076 077 
Apr 23 15:59:41 czp-db2 kernel: pcpu-alloc: [0] 078 079 080 081 082 083 084 085 
Apr 23 15:59:41 czp-db2 kernel: pcpu-alloc: [0] 086 087 088 089 144 148 152 156 
Apr 23 15:59:41 czp-db2 kernel: pcpu-alloc: [0] 160 164 168 172 176 180 184 188 
Apr 23 15:59:41 czp-db2 kernel: pcpu-alloc: [0] 192 196 200 204 208 212 216 220 
Apr 23 15:59:41 czp-db2 kernel: pcpu-alloc: [0] 224 228 232 236 240 244 248 252 
Apr 23 15:59:41 czp-db2 kernel: pcpu-alloc: [0] 256 260 264 268 272 276 280 284 
Apr 23 15:59:41 czp-db2 kernel: pcpu-alloc: [0] 288 292 296 300 304 308 312 316 
Apr 23 15:59:41 czp-db2 kernel: pcpu-alloc: [0] 320 324 328 332 336 340 344 348 
Apr 23 15:59:41 czp-db2 kernel: pcpu-alloc: [0] 352 356 360 364 368 372 376 380 
Apr 23 15:59:41 czp-db2 kernel: pcpu-alloc: [0] 384 388 392 396 400 404 408 412 
Apr 23 15:59:41 czp-db2 kernel: pcpu-alloc: [0] 416 420 424 428 432 436 440 444 
Apr 23 15:59:41 czp-db2 kernel: pcpu-alloc: [1] 018 019 020 021 022 023 024 025 
Apr 23 15:59:41 czp-db2 kernel: pcpu-alloc: [1] 026 027 028 029 030 031 032 033 
Apr 23 15:59:41 czp-db2 kernel: pcpu-alloc: [1] 034 035 090 091 092 093 094 095 
Apr 23 15:59:41 czp-db2 kernel: pcpu-alloc: [1] 096 097 098 099 100 101 102 103 
Apr 23 15:59:41 czp-db2 kernel: pcpu-alloc: [1] 104 105 106 107 145 149 153 157 
Apr 23 15:59:41 czp-db2 kernel: pcpu-alloc: [1] 161 165 169 173 177 181 185 189 
Apr 23 15:59:41 czp-db2 kernel: pcpu-alloc: [1] 193 197 201 205 209 213 217 221 
Apr 23 15:59:41 czp-db2 kernel: pcpu-alloc: [1] 225 229 233 237 241 245 249 253 
Apr 23 15:59:41 czp-db2 kernel: pcpu-alloc: [1] 257 261 265 269 273 277 281 285 
Apr 23 15:59:41 czp-db2 kernel: pcpu-alloc: [1] 289 293 297 301 305 309 313 317 
Apr 23 15:59:41 czp-db2 kernel: pcpu-alloc: [1] 321 325 329 333 337 341 345 349 
Apr 23 15:59:41 czp-db2 kernel: pcpu-alloc: [1] 353 357 361 365 369 373 377 381 
Apr 23 15:59:41 czp-db2 kernel: pcpu-alloc: [1] 385 389 393 397 401 405 409 413 
Apr 23 15:59:41 czp-db2 kernel: pcpu-alloc: [1] 417 421 425 429 433 437 441 445 
Apr 23 15:59:41 czp-db2 kernel: pcpu-alloc: [2] 036 037 038 039 040 041 042 043 
Apr 23 15:59:41 czp-db2 kernel: pcpu-alloc: [2] 044 045 046 047 048 049 050 051 
Apr 23 15:59:41 czp-db2 kernel: pcpu-alloc: [2] 052 053 108 109 110 111 112 113 
Apr 23 15:59:41 czp-db2 kernel: pcpu-alloc: [2] 114 115 116 117 118 119 120 121 
Apr 23 15:59:41 czp-db2 kernel: pcpu-alloc: [2] 122 123 124 125 146 150 154 158 
Apr 23 15:59:41 czp-db2 kernel: pcpu-alloc: [2] 162 166 170 174 178 182 186 190 
Apr 23 15:59:41 czp-db2 kernel: pcpu-alloc: [2] 194 198 202 206 210 214 218 222 
Apr 23 15:59:41 czp-db2 kernel: pcpu-alloc: [2] 226 230 234 238 242 246 250 254 
Apr 23 15:59:41 czp-db2 kernel: pcpu-alloc: [2] 258 262 266 270 274 278 282 286 
Apr 23 15:59:41 czp-db2 kernel: pcpu-alloc: [2] 290 294 298 302 306 310 314 318 
Apr 23 15:59:41 czp-db2 kernel: pcpu-alloc: [2] 322 326 330 334 338 342 346 350 
Apr 23 15:59:41 czp-db2 kernel: pcpu-alloc: [2] 354 358 362 366 370 374 378 382 
Apr 23 15:59:41 czp-db2 kernel: pcpu-alloc: [2] 386 390 394 398 402 406 410 414 
Apr 23 15:59:41 czp-db2 kernel: pcpu-alloc: [2] 418 422 426 430 434 438 442 446 
Apr 23 15:59:41 czp-db2 kernel: pcpu-alloc: [3] 054 055 056 057 058 059 060 061 
Apr 23 15:59:41 czp-db2 kernel: pcpu-alloc: [3] 062 063 064 065 066 067 068 069 
Apr 23 15:59:41 czp-db2 kernel: pcpu-alloc: [3] 070 071 126 127 128 129 130 131 
Apr 23 15:59:41 czp-db2 kernel: pcpu-alloc: [3] 132 133 134 135 136 137 138 139 
Apr 23 15:59:41 czp-db2 kernel: pcpu-alloc: [3] 140 141 142 143 147 151 155 159 
Apr 23 15:59:41 czp-db2 kernel: pcpu-alloc: [3] 163 167 171 175 179 183 187 191 
Apr 23 15:59:41 czp-db2 kernel: pcpu-alloc: [3] 195 199 203 207 211 215 219 223 
Apr 23 15:59:41 czp-db2 kernel: pcpu-alloc: [3] 227 231 235 239 243 247 251 255 
Apr 23 15:59:41 czp-db2 kernel: pcpu-alloc: [3] 259 263 267 271 275 279 283 287 
Apr 23 15:59:41 czp-db2 kernel: pcpu-alloc: [3] 291 295 299 303 307 311 315 319 
Apr 23 15:59:41 czp-db2 kernel: pcpu-alloc: [3] 323 327 331 335 339 343 347 351 
Apr 23 15:59:41 czp-db2 kernel: pcpu-alloc: [3] 355 359 363 367 371 375 379 383 
Apr 23 15:59:41 czp-db2 kernel: pcpu-alloc: [3] 387 391 395 399 403 407 411 415 
Apr 23 15:59:41 czp-db2 kernel: pcpu-alloc: [3] 419 423 427 431 435 439 443 447 
Apr 23 15:59:41 czp-db2 kernel: Built 4 zonelists in Zone order, mobility grouping on.  Total pages: 66096936
Apr 23 15:59:41 czp-db2 kernel: Policy zone: Normal
Apr 23 15:59:41 czp-db2 kernel: Kernel command line: BOOT_IMAGE=/boot/vmlinuz-2.6.32.700-Rocky4.2-x86_64 root=UUID=28a6c5f4-406c-4d06-a078-62046cde8326 ro linx_serial=FCA5FEE48C15E12E security=linx rootflags=data=writeback elevator=deadline quiet apci=force
Apr 23 15:59:41 czp-db2 kernel: PID hash table entries: 4096 (order: 3, 32768 bytes)
Apr 23 15:59:41 czp-db2 kernel: x86/fpu: xstate_offset[2]: 0240, xstate_sizes[2]: 0100
Apr 23 15:59:41 czp-db2 kernel: x86/fpu: xstate_offset[3]: 03c0, xstate_sizes[3]: 0040
Apr 23 15:59:41 czp-db2 kernel: x86/fpu: xstate_offset[4]: 0400, xstate_sizes[4]: 0040
Apr 23 15:59:41 czp-db2 kernel: x86/fpu: xstate_offset[5]: 0440, xstate_sizes[5]: 0040
Apr 23 15:59:41 czp-db2 kernel: x86/fpu: xstate_offset[6]: 0480, xstate_sizes[6]: 0200
Apr 23 15:59:41 czp-db2 kernel: x86/fpu: xstate_offset[7]: 0680, xstate_sizes[7]: 0400
Apr 23 15:59:41 czp-db2 kernel: xsave/xrstor: enabled xstate_bv 0xe7, cntxt size 0xa80
Apr 23 15:59:41 czp-db2 kernel: dmar: Queued invalidation will be enabled to support x2apic and Intr-remapping.
Apr 23 15:59:41 czp-db2 kernel: Memory: 264266108k/270532608k available (5501k kernel code, 2445752k absent, 3820748k reserved, 6929k data, 1328k init)
Apr 23 15:59:41 czp-db2 kernel: x86/pti: Kernel page table isolation enabled
Apr 23 15:59:41 czp-db2 kernel: Hierarchical RCU implementation.
Apr 23 15:59:41 czp-db2 kernel: NR_IRQS:33024 nr_irqs:6984
Apr 23 15:59:41 czp-db2 kernel: Extended CMOS year: 2000
Apr 23 15:59:41 czp-db2 kernel: Console: colour VGA+ 80x25
Apr 23 15:59:41 czp-db2 kernel: console [tty0] enabled
Apr 23 15:59:41 czp-db2 kernel: allocated 1072693248 bytes of page_cgroup
Apr 23 15:59:41 czp-db2 kernel: please try 'cgroup_disable=memory' option if you don't want memory cgroups
Apr 23 15:59:41 czp-db2 kernel: hpet clockevent registered
Apr 23 15:59:41 czp-db2 kernel: TSC: PIT calibration matches HPET. 1 loops
Apr 23 15:59:41 czp-db2 kernel: Detected 2299.994 MHz processor.
Apr 23 15:59:41 czp-db2 kernel: Calibrating delay loop (skipped), value calculated using timer frequency.. 4599.98 BogoMIPS (lpj=2299994)
Apr 23 15:59:41 czp-db2 kernel: pid_max: default: 458752 minimum: 3584
Apr 23 15:59:41 czp-db2 kernel: Security Framework initialized
Apr 23 15:59:41 czp-db2 kernel: Dentry cache hash table entries: 33554432 (order: 16, 268435456 bytes)
Apr 23 15:59:41 czp-db2 kernel: Inode-cache hash table entries: 16777216 (order: 15, 134217728 bytes)
Apr 23 15:59:41 czp-db2 kernel: Mount-cache hash table entries: 256
Apr 23 15:59:41 czp-db2 kernel: Initializing cgroup subsys ns
Apr 23 15:59:41 czp-db2 kernel: Initializing cgroup subsys cpuacct
Apr 23 15:59:41 czp-db2 kernel: Initializing cgroup subsys memory
Apr 23 15:59:41 czp-db2 kernel: Initializing cgroup subsys devices
Apr 23 15:59:41 czp-db2 kernel: Initializing cgroup subsys freezer
Apr 23 15:59:41 czp-db2 kernel: Initializing cgroup subsys net_cls
Apr 23 15:59:41 czp-db2 kernel: Initializing cgroup subsys blkio
Apr 23 15:59:41 czp-db2 kernel: Initializing cgroup subsys perf_event
Apr 23 15:59:41 czp-db2 kernel: Initializing cgroup subsys net_prio
Apr 23 15:59:41 czp-db2 kernel: CPU: Physical Processor ID: 0
Apr 23 15:59:41 czp-db2 kernel: CPU: Processor Core ID: 0
Apr 23 15:59:41 czp-db2 kernel: FEATURE SPEC_CTRL Present
Apr 23 15:59:41 czp-db2 kernel: FEATURE IBPB_SUPPORT Present
Apr 23 15:59:41 czp-db2 kernel: mce: CPU supports 20 MCE banks
Apr 23 15:59:41 czp-db2 kernel: CPU0: Thermal monitoring enabled (TM1)
Apr 23 15:59:41 czp-db2 kernel: ACPI: Core revision 20090903
Apr 23 15:59:41 czp-db2 kernel: ftrace: converting mcount calls to 0f 1f 44 00 00
Apr 23 15:59:41 czp-db2 kernel: ftrace: allocating 22031 entries in 87 pages
Apr 23 15:59:41 czp-db2 kernel: dmar: Host address width 46
Apr 23 15:59:41 czp-db2 kernel: dmar: DRHD base: 0x000000b1bfc000 flags: 0x0
Apr 23 15:59:41 czp-db2 kernel: dmar: IOMMU 0: reg_base_addr b1bfc000 ver 1:0 cap 8d2078c106f0466 ecap f020df
Apr 23 15:59:41 czp-db2 kernel: dmar: DRHD base: 0x000000b87fc000 flags: 0x0
Apr 23 15:59:41 czp-db2 kernel: dmar: IOMMU 1: reg_base_addr b87fc000 ver 1:0 cap 8d2078c106f0466 ecap f020df
Apr 23 15:59:41 czp-db2 kernel: dmar: DRHD base: 0x000000bf3fc000 flags: 0x0
Apr 23 15:59:41 czp-db2 kernel: dmar: IOMMU 2: reg_base_addr bf3fc000 ver 1:0 cap 8d2078c106f0466 ecap f020df
Apr 23 15:59:41 czp-db2 kernel: dmar: DRHD base: 0x000000c5ffc000 flags: 0x0
Apr 23 15:59:41 czp-db2 kernel: dmar: IOMMU 3: reg_base_addr c5ffc000 ver 1:0 cap 8d2078c106f0466 ecap f020df
Apr 23 15:59:41 czp-db2 kernel: dmar: DRHD base: 0x000000ccbfc000 flags: 0x0
Apr 23 15:59:41 czp-db2 kernel: dmar: IOMMU 4: reg_base_addr ccbfc000 ver 1:0 cap 8d2078c106f0466 ecap f020df
Apr 23 15:59:41 czp-db2 kernel: dmar: DRHD base: 0x000000d37fc000 flags: 0x0
Apr 23 15:59:41 czp-db2 kernel: dmar: IOMMU 5: reg_base_addr d37fc000 ver 1:0 cap 8d2078c106f0466 ecap f020df
Apr 23 15:59:41 czp-db2 kernel: dmar: DRHD base: 0x000000da3fc000 flags: 0x0
Apr 23 15:59:41 czp-db2 kernel: dmar: IOMMU 6: reg_base_addr da3fc000 ver 1:0 cap 8d2078c106f0466 ecap f020df
Apr 23 15:59:41 czp-db2 kernel: dmar: DRHD base: 0x000000e0ffc000 flags: 0x0
Apr 23 15:59:41 czp-db2 kernel: dmar: IOMMU 7: reg_base_addr e0ffc000 ver 1:0 cap 8d2078c106f0466 ecap f020df
Apr 23 15:59:41 czp-db2 kernel: dmar: DRHD base: 0x000000e7bfc000 flags: 0x0
Apr 23 15:59:41 czp-db2 kernel: dmar: IOMMU 8: reg_base_addr e7bfc000 ver 1:0 cap 8d2078c106f0466 ecap f020df
Apr 23 15:59:41 czp-db2 kernel: dmar: DRHD base: 0x000000ee7fc000 flags: 0x0
Apr 23 15:59:41 czp-db2 kernel: dmar: IOMMU 9: reg_base_addr ee7fc000 ver 1:0 cap 8d2078c106f0466 ecap f020df
Apr 23 15:59:41 czp-db2 kernel: dmar: DRHD base: 0x000000f53fc000 flags: 0x0
Apr 23 15:59:41 czp-db2 kernel: dmar: IOMMU 10: reg_base_addr f53fc000 ver 1:0 cap 8d2078c106f0466 ecap f020df
Apr 23 15:59:41 czp-db2 kernel: dmar: DRHD base: 0x000000fbffc000 flags: 0x0
Apr 23 15:59:41 czp-db2 kernel: dmar: IOMMU 11: reg_base_addr fbffc000 ver 1:0 cap 8d2078c106f0466 ecap f020df
Apr 23 15:59:41 czp-db2 kernel: dmar: DRHD base: 0x0000009d7fc000 flags: 0x0
Apr 23 15:59:41 czp-db2 kernel: dmar: IOMMU 12: reg_base_addr 9d7fc000 ver 1:0 cap 8d2078c106f0466 ecap f020df
Apr 23 15:59:41 czp-db2 kernel: dmar: DRHD base: 0x000000a43fc000 flags: 0x0
Apr 23 15:59:41 czp-db2 kernel: dmar: IOMMU 13: reg_base_addr a43fc000 ver 1:0 cap 8d2078c106f0466 ecap f020df
Apr 23 15:59:41 czp-db2 kernel: dmar: DRHD base: 0x000000aaffc000 flags: 0x0
Apr 23 15:59:41 czp-db2 kernel: dmar: IOMMU 14: reg_base_addr aaffc000 ver 1:0 cap 8d2078c106f0466 ecap f020df
Apr 23 15:59:41 czp-db2 kernel: dmar: DRHD base: 0x00000096bfc000 flags: 0x1
Apr 23 15:59:41 czp-db2 kernel: dmar: IOMMU 15: reg_base_addr 96bfc000 ver 1:0 cap 8d2078c106f0466 ecap f020df
Apr 23 15:59:41 czp-db2 kernel: dmar: RMRR base: 0x0000006eefe000 end: 0x0000006ef0efff
Apr 23 15:59:41 czp-db2 kernel: dmar: ATSR flags: 0x0
Apr 23 15:59:41 czp-db2 last message repeated 3 times
Apr 23 15:59:41 czp-db2 kernel: dmar: RHSA base: 0x00000096bfc000 proximity domain: 0x0
Apr 23 15:59:41 czp-db2 kernel: dmar: RHSA base: 0x0000009d7fc000 proximity domain: 0x0
Apr 23 15:59:41 czp-db2 kernel: dmar: RHSA base: 0x000000a43fc000 proximity domain: 0x0
Apr 23 15:59:41 czp-db2 kernel: dmar: RHSA base: 0x000000aaffc000 proximity domain: 0x0
Apr 23 15:59:41 czp-db2 kernel: dmar: RHSA base: 0x000000b1bfc000 proximity domain: 0x1
Apr 23 15:59:41 czp-db2 kernel: dmar: RHSA base: 0x000000b87fc000 proximity domain: 0x1
Apr 23 15:59:41 czp-db2 kernel: dmar: RHSA base: 0x000000bf3fc000 proximity domain: 0x1
Apr 23 15:59:41 czp-db2 kernel: dmar: RHSA base: 0x000000c5ffc000 proximity domain: 0x1
Apr 23 15:59:41 czp-db2 kernel: dmar: RHSA base: 0x000000ccbfc000 proximity domain: 0x2
Apr 23 15:59:41 czp-db2 kernel: dmar: RHSA base: 0x000000d37fc000 proximity domain: 0x2
Apr 23 15:59:41 czp-db2 kernel: dmar: RHSA base: 0x000000da3fc000 proximity domain: 0x2
Apr 23 15:59:41 czp-db2 kernel: dmar: RHSA base: 0x000000e0ffc000 proximity domain: 0x2
Apr 23 15:59:41 czp-db2 kernel: dmar: RHSA base: 0x000000e7bfc000 proximity domain: 0x3
Apr 23 15:59:41 czp-db2 kernel: dmar: RHSA base: 0x000000ee7fc000 proximity domain: 0x3
Apr 23 15:59:41 czp-db2 kernel: dmar: RHSA base: 0x000000f53fc000 proximity domain: 0x3
Apr 23 15:59:41 czp-db2 kernel: dmar: RHSA base: 0x000000fbffc000 proximity domain: 0x3
Apr 23 15:59:41 czp-db2 kernel: IOAPIC id 12 under DRHD base 0xaaffc000
Apr 23 15:59:41 czp-db2 kernel: IOAPIC id 11 under DRHD base 0xa43fc000
Apr 23 15:59:41 czp-db2 kernel: IOAPIC id 10 under DRHD base 0x9d7fc000
Apr 23 15:59:41 czp-db2 kernel: IOAPIC id 30 under DRHD base 0xfbffc000
Apr 23 15:59:41 czp-db2 kernel: IOAPIC id 29 under DRHD base 0xf53fc000
Apr 23 15:59:41 czp-db2 kernel: IOAPIC id 28 under DRHD base 0xee7fc000
Apr 23 15:59:41 czp-db2 kernel: IOAPIC id 27 under DRHD base 0xe7bfc000
Apr 23 15:59:41 czp-db2 kernel: IOAPIC id 24 under DRHD base 0xe0ffc000
Apr 23 15:59:41 czp-db2 kernel: IOAPIC id 23 under DRHD base 0xda3fc000
Apr 23 15:59:41 czp-db2 kernel: IOAPIC id 22 under DRHD base 0xd37fc000
Apr 23 15:59:41 czp-db2 kernel: IOAPIC id 21 under DRHD base 0xccbfc000
Apr 23 15:59:41 czp-db2 kernel: IOAPIC id 18 under DRHD base 0xc5ffc000
Apr 23 15:59:41 czp-db2 kernel: IOAPIC id 17 under DRHD base 0xbf3fc000
Apr 23 15:59:41 czp-db2 kernel: IOAPIC id 16 under DRHD base 0xb87fc000
Apr 23 15:59:41 czp-db2 kernel: IOAPIC id 15 under DRHD base 0xb1bfc000
Apr 23 15:59:41 czp-db2 kernel: IOAPIC id 8 under DRHD base 0x96bfc000
Apr 23 15:59:41 czp-db2 kernel: IOAPIC id 9 under DRHD base 0x96bfc000
Apr 23 15:59:41 czp-db2 kernel: HPET id 0 under DRHD base 0x96bfc000
Apr 23 15:59:41 czp-db2 kernel: Your BIOS is broken and requested that x2apic be disabled.
Apr 23 15:59:41 czp-db2 kernel: This will slightly decrease performance.
Apr 23 15:59:41 czp-db2 kernel: Use 'intremap=no_x2apic_optout' to override BIOS request.
Apr 23 15:59:41 czp-db2 kernel: Enabled IRQ remapping in xapic mode
Apr 23 15:59:41 czp-db2 kernel: x2apic not enabled, IRQ remapping is in xapic mode
Apr 23 15:59:41 czp-db2 kernel: APIC routing finalized to physical flat.
Apr 23 15:59:41 czp-db2 kernel:   alloc irq_desc for 200 on node 0
Apr 23 15:59:41 czp-db2 kernel:   alloc kstat_irqs on node 0
Apr 23 15:59:41 czp-db2 kernel:   alloc irq_desc for 201 on node 0
Apr 23 15:59:41 czp-db2 kernel:   alloc kstat_irqs on node 0
Apr 23 15:59:41 czp-db2 kernel:   alloc irq_desc for 202 on node 0
Apr 23 15:59:41 czp-db2 kernel:   alloc kstat_irqs on node 0
Apr 23 15:59:41 czp-db2 kernel:   alloc irq_desc for 203 on node 0
Apr 23 15:59:41 czp-db2 kernel:   alloc kstat_irqs on node 0
Apr 23 15:59:41 czp-db2 kernel:   alloc irq_desc for 204 on node 0
Apr 23 15:59:41 czp-db2 kernel:   alloc kstat_irqs on node 0
Apr 23 15:59:41 czp-db2 kernel:   alloc irq_desc for 205 on node 0
Apr 23 15:59:41 czp-db2 kernel:   alloc kstat_irqs on node 0
Apr 23 15:59:41 czp-db2 kernel:   alloc irq_desc for 206 on node 0
Apr 23 15:59:41 czp-db2 kernel:   alloc kstat_irqs on node 0
Apr 23 15:59:41 czp-db2 kernel:   alloc irq_desc for 207 on node 0
Apr 23 15:59:41 czp-db2 kernel:   alloc kstat_irqs on node 0
Apr 23 15:59:41 czp-db2 kernel:   alloc irq_desc for 208 on node 0
Apr 23 15:59:41 czp-db2 kernel:   alloc kstat_irqs on node 0
Apr 23 15:59:41 czp-db2 kernel:   alloc irq_desc for 209 on node 0
Apr 23 15:59:41 czp-db2 kernel:   alloc kstat_irqs on node 0
Apr 23 15:59:41 czp-db2 kernel:   alloc irq_desc for 210 on node 0
Apr 23 15:59:41 czp-db2 kernel:   alloc kstat_irqs on node 0
Apr 23 15:59:41 czp-db2 kernel:   alloc irq_desc for 211 on node 0
Apr 23 15:59:41 czp-db2 kernel:   alloc kstat_irqs on node 0
Apr 23 15:59:41 czp-db2 kernel:   alloc irq_desc for 212 on node 0
Apr 23 15:59:41 czp-db2 kernel:   alloc kstat_irqs on node 0
Apr 23 15:59:41 czp-db2 kernel:   alloc irq_desc for 213 on node 0
Apr 23 15:59:41 czp-db2 kernel:   alloc kstat_irqs on node 0
Apr 23 15:59:41 czp-db2 kernel:   alloc irq_desc for 214 on node 0
Apr 23 15:59:41 czp-db2 kernel:   alloc kstat_irqs on node 0
Apr 23 15:59:41 czp-db2 kernel:   alloc irq_desc for 215 on node 0
Apr 23 15:59:41 czp-db2 kernel:   alloc kstat_irqs on node 0
Apr 23 15:59:41 czp-db2 kernel: alloc irq_2_iommu on node 0
Apr 23 15:59:41 czp-db2 last message repeated 14 times
Apr 23 15:59:41 czp-db2 kernel: ..TIMER: vector=0x30 apic1=0 pin1=2 apic2=-1 pin2=-1
Apr 23 15:59:41 czp-db2 kernel: CPU0: Intel(R) Xeon(R) Gold 6140 CPU @ 2.30GHz stepping 04
Apr 23 15:59:41 czp-db2 kernel: Performance Events: PEBS fmt3+, generic architected perfmon, full-width counters, Intel PMU driver.
Apr 23 15:59:41 czp-db2 kernel: ... version:                4
Apr 23 15:59:41 czp-db2 kernel: ... bit width:              48
Apr 23 15:59:41 czp-db2 kernel: ... generic registers:      4
Apr 23 15:59:41 czp-db2 kernel: ... value mask:             0000ffffffffffff
Apr 23 15:59:41 czp-db2 kernel: ... max period:             0000ffffffffffff
Apr 23 15:59:41 czp-db2 kernel: ... fixed-purpose events:   3
Apr 23 15:59:41 czp-db2 kernel: ... event mask:             000000070000000f
Apr 23 15:59:41 czp-db2 kernel: NMI watchdog enabled, takes one hw-pmu counter.
Apr 23 15:59:41 czp-db2 kernel: Booting Node   0, Processors  #1 #2 #3 #4 #5 #6 #7 #8 #9 #10 #11 #12 #13 #14 #15 #16 #17 Ok.
Apr 23 15:59:41 czp-db2 kernel: Booting Node   1, Processors  #18 #19 #20 #21 #22 #23 #24 #25 #26 #27 #28 #29 #30 #31 #32 #33 #34 #35 Ok.
Apr 23 15:59:41 czp-db2 kernel: Booting Node   2, Processors  #36 #37 #38 #39 #40 #41 #42 #43 #44 #45 #46 #47 #48 #49 #50 #51 #52 #53 Ok.
Apr 23 15:59:41 czp-db2 kernel: Booting Node   3, Processors  #54 #55 #56 #57 #58 #59 #60 #61 #62 #63 #64 #65 #66 #67 #68 #69 #70 #71 Ok.
Apr 23 15:59:41 czp-db2 kernel: Booting Node   0, Processors  #72 #73 #74 #75 #76 #77 #78 #79 #80 #81 #82 #83 #84 #85 #86 #87 #88 #89 Ok.
Apr 23 15:59:41 czp-db2 kernel: Booting Node   1, Processors  #90 #91 #92 #93 #94 #95 #96 #97 #98 #99 #100 #101 #102 #103 #104 #105 #106 #107 Ok.
Apr 23 15:59:41 czp-db2 kernel: Booting Node   2, Processors  #108 #109 #110 #111 #112 #113 #114 #115 #116 #117 #118 #119 #120 #121 #122 #123 #124 #125 Ok.
Apr 23 15:59:41 czp-db2 kernel: Booting Node   3, Processors  #126 #127 #128 #129 #130 #131 #132 #133 #134 #135 #136 #137 #138 #139 #140 #141 #142 #143
Apr 23 15:59:41 czp-db2 kernel: Brought up 144 CPUs
Apr 23 15:59:41 czp-db2 kernel: Total of 144 processors activated (662247.93 BogoMIPS).
Apr 23 15:59:41 czp-db2 kernel: sizeof(vma)=200 bytes
Apr 23 15:59:41 czp-db2 kernel: sizeof(page)=56 bytes
Apr 23 15:59:41 czp-db2 kernel: sizeof(inode)=592 bytes
Apr 23 15:59:41 czp-db2 kernel: sizeof(dentry)=192 bytes
Apr 23 15:59:41 czp-db2 kernel: sizeof(ext3inode)=800 bytes
Apr 23 15:59:41 czp-db2 kernel: sizeof(buffer_head)=104 bytes
Apr 23 15:59:41 czp-db2 kernel: sizeof(skbuff)=232 bytes
Apr 23 15:59:41 czp-db2 kernel: sizeof(task_struct)=2672 bytes
Apr 23 15:59:41 czp-db2 kernel: devtmpfs: initialized
Apr 23 15:59:41 czp-db2 kernel: PM: Registering ACPI NVS region at 6c73a000 (12509184 bytes)
Apr 23 15:59:41 czp-db2 kernel: regulator: core version 0.5
Apr 23 15:59:41 czp-db2 kernel: NET: Registered protocol family 16
Apr 23 15:59:41 czp-db2 kernel: ACPI FADT declares the system doesn't support PCIe ASPM, so disable it
Apr 23 15:59:41 czp-db2 kernel: ACPI: bus type pci registered
Apr 23 15:59:41 czp-db2 kernel: PCI: MCFG configuration 0: base 80000000 segment 0 buses 0 - 255
Apr 23 15:59:41 czp-db2 kernel: PCI: MCFG area at 80000000 reserved in E820
Apr 23 15:59:41 czp-db2 kernel: PCI: Using MMCONFIG at 80000000 - 8fffffff
Apr 23 15:59:41 czp-db2 kernel: PCI: Using configuration type 1 for base access
Apr 23 15:59:41 czp-db2 kernel: bio: create slab <bio-0> at 0
Apr 23 15:59:41 czp-db2 kernel: ACPI: EC: Look up EC in DSDT
Apr 23 15:59:41 czp-db2 kernel: ACPI: BIOS _OSI(Linux) query ignored
Apr 23 15:59:41 czp-db2 kernel: ACPI: Interpreter enabled
Apr 23 15:59:41 czp-db2 kernel: ACPI: (supports S0 S4 S5)
Apr 23 15:59:41 czp-db2 kernel: ACPI: Using IOAPIC for interrupt routing
Apr 23 15:59:41 czp-db2 kernel: ACPI: No dock devices found.
Apr 23 15:59:41 czp-db2 kernel: HEST: Table parsing has been initialized.
Apr 23 15:59:41 czp-db2 kernel: PCI: Using host bridge windows from ACPI; if necessary, use "pci=nocrs" and report a bug
Apr 23 15:59:41 czp-db2 kernel: ACPI: PCI Root Bridge [PC00] (domain 0000 [bus 00-15])
Apr 23 15:59:41 czp-db2 kernel: pci_root PNP0A08:00: host bridge window [io  0x0000-0x03af]
Apr 23 15:59:41 czp-db2 kernel: pci_root PNP0A08:00: host bridge window [io  0x03e0-0x0cf7]
Apr 23 15:59:41 czp-db2 kernel: pci_root PNP0A08:00: host bridge window [io  0x03b0-0x03bb]
Apr 23 15:59:41 czp-db2 kernel: pci_root PNP0A08:00: host bridge window [io  0x03c0-0x03df]
Apr 23 15:59:41 czp-db2 kernel: pci_root PNP0A08:00: host bridge window [io  0x1000-0x3fff]
Apr 23 15:59:41 czp-db2 kernel: pci_root PNP0A08:00: host bridge window [mem 0x000a0000-0x000bffff]
Apr 23 15:59:41 czp-db2 kernel: pci_root PNP0A08:00: host bridge window [mem 0x000c4000-0x000c7fff]
Apr 23 15:59:41 czp-db2 kernel: pci_root PNP0A08:00: host bridge window [mem 0xfe010000-0xfe010fff]
Apr 23 15:59:41 czp-db2 kernel: pci_root PNP0A08:00: host bridge window [mem 0x90000000-0x96bfffff]
Apr 23 15:59:41 czp-db2 kernel: pci_root PNP0A08:00: host bridge window [mem 0x180000000000-0x18ffffffffff]
Apr 23 15:59:41 czp-db2 kernel: PCI host bridge to bus 0000:00
Apr 23 15:59:41 czp-db2 kernel: pci_bus 0000:00: root bus resource [io  0x0000-0x03af]
Apr 23 15:59:41 czp-db2 kernel: pci_bus 0000:00: root bus resource [io  0x03e0-0x0cf7]
Apr 23 15:59:41 czp-db2 kernel: pci_bus 0000:00: root bus resource [io  0x03b0-0x03bb]
Apr 23 15:59:41 czp-db2 kernel: pci_bus 0000:00: root bus resource [io  0x03c0-0x03df]
Apr 23 15:59:41 czp-db2 kernel: pci_bus 0000:00: root bus resource [io  0x1000-0x3fff]
Apr 23 15:59:41 czp-db2 kernel: pci_bus 0000:00: root bus resource [mem 0x000a0000-0x000bffff]
Apr 23 15:59:41 czp-db2 kernel: pci_bus 0000:00: root bus resource [mem 0x000c4000-0x000c7fff]
Apr 23 15:59:41 czp-db2 kernel: pci_bus 0000:00: root bus resource [mem 0xfe010000-0xfe010fff]
Apr 23 15:59:41 czp-db2 kernel: pci_bus 0000:00: root bus resource [mem 0x90000000-0x96bfffff]
Apr 23 15:59:41 czp-db2 kernel: pci_bus 0000:00: root bus resource [mem 0x180000000000-0x18ffffffffff]
Apr 23 15:59:41 czp-db2 kernel: pci 0000:00:04.0: reg 10: [mem 0x18fffff2c000-0x18fffff2ffff 64bit]
Apr 23 15:59:41 czp-db2 kernel: pci 0000:00:04.1: reg 10: [mem 0x18fffff28000-0x18fffff2bfff 64bit]
Apr 23 15:59:41 czp-db2 kernel: pci 0000:00:04.2: reg 10: [mem 0x18fffff24000-0x18fffff27fff 64bit]
Apr 23 15:59:41 czp-db2 kernel: pci 0000:00:04.3: reg 10: [mem 0x18fffff20000-0x18fffff23fff 64bit]
Apr 23 15:59:41 czp-db2 kernel: pci 0000:00:04.4: reg 10: [mem 0x18fffff1c000-0x18fffff1ffff 64bit]
Apr 23 15:59:41 czp-db2 kernel: pci 0000:00:04.5: reg 10: [mem 0x18fffff18000-0x18fffff1bfff 64bit]
Apr 23 15:59:41 czp-db2 kernel: pci 0000:00:04.6: reg 10: [mem 0x18fffff14000-0x18fffff17fff 64bit]
Apr 23 15:59:41 czp-db2 kernel: pci 0000:00:04.7: reg 10: [mem 0x18fffff10000-0x18fffff13fff 64bit]
Apr 23 15:59:41 czp-db2 kernel: pci 0000:00:05.4: reg 10: [mem 0x9630a000-0x9630afff]
Apr 23 15:59:41 czp-db2 kernel: pci 0000:00:11.5: reg 10: [mem 0x96306000-0x96307fff]
Apr 23 15:59:41 czp-db2 kernel: pci 0000:00:11.5: reg 14: [mem 0x96309000-0x963090ff]
Apr 23 15:59:41 czp-db2 kernel: pci 0000:00:11.5: reg 18: [io  0x3070-0x3077]
Apr 23 15:59:41 czp-db2 kernel: pci 0000:00:11.5: reg 1c: [io  0x3060-0x3063]
Apr 23 15:59:41 czp-db2 kernel: pci 0000:00:11.5: reg 20: [io  0x3020-0x303f]
Apr 23 15:59:41 czp-db2 kernel: pci 0000:00:11.5: reg 24: [mem 0x96280000-0x962fffff]
Apr 23 15:59:41 czp-db2 kernel: pci 0000:00:11.5: PME# supported from D3hot
Apr 23 15:59:41 czp-db2 kernel: pci 0000:00:11.5: PME# disabled
Apr 23 15:59:41 czp-db2 kernel: pci 0000:00:14.0: reg 10: [mem 0x18fffff00000-0x18fffff0ffff 64bit]
Apr 23 15:59:41 czp-db2 kernel: pci 0000:00:14.0: PME# supported from D3hot D3cold
Apr 23 15:59:41 czp-db2 kernel: pci 0000:00:14.0: PME# disabled
Apr 23 15:59:41 czp-db2 kernel: pci 0000:00:14.2: reg 10: [mem 0x18fffff33000-0x18fffff33fff 64bit]
Apr 23 15:59:41 czp-db2 kernel: pci 0000:00:16.0: reg 10: [mem 0x18fffff32000-0x18fffff32fff 64bit]
Apr 23 15:59:41 czp-db2 kernel: pci 0000:00:16.0: PME# supported from D3hot
Apr 23 15:59:41 czp-db2 kernel: pci 0000:00:16.0: PME# disabled
Apr 23 15:59:41 czp-db2 kernel: pci 0000:00:16.1: reg 10: [mem 0x18fffff31000-0x18fffff31fff 64bit]
Apr 23 15:59:41 czp-db2 kernel: pci 0000:00:16.1: PME# supported from D3hot
Apr 23 15:59:41 czp-db2 kernel: pci 0000:00:16.1: PME# disabled
Apr 23 15:59:41 czp-db2 kernel: pci 0000:00:16.4: reg 10: [mem 0x18fffff30000-0x18fffff30fff 64bit]
Apr 23 15:59:41 czp-db2 kernel: pci 0000:00:16.4: PME# supported from D3hot
Apr 23 15:59:41 czp-db2 kernel: pci 0000:00:16.4: PME# disabled
Apr 23 15:59:41 czp-db2 kernel: pci 0000:00:17.0: reg 10: [mem 0x96304000-0x96305fff]
Apr 23 15:59:41 czp-db2 kernel: pci 0000:00:17.0: reg 14: [mem 0x96308000-0x963080ff]
Apr 23 15:59:41 czp-db2 kernel: pci 0000:00:17.0: reg 18: [io  0x3050-0x3057]
Apr 23 15:59:41 czp-db2 kernel: pci 0000:00:17.0: reg 1c: [io  0x3040-0x3043]
Apr 23 15:59:41 czp-db2 kernel: pci 0000:00:17.0: reg 20: [io  0x3000-0x301f]
Apr 23 15:59:41 czp-db2 kernel: pci 0000:00:17.0: reg 24: [mem 0x96200000-0x9627ffff]
Apr 23 15:59:41 czp-db2 kernel: pci 0000:00:17.0: PME# supported from D3hot
Apr 23 15:59:41 czp-db2 kernel: pci 0000:00:17.0: PME# disabled
Apr 23 15:59:41 czp-db2 kernel: pci 0000:00:1c.0: PME# supported from D0 D3hot D3cold
Apr 23 15:59:41 czp-db2 kernel: pci 0000:00:1c.0: PME# disabled
Apr 23 15:59:41 czp-db2 kernel: pci 0000:00:1c.5: PME# supported from D0 D3hot D3cold
Apr 23 15:59:41 czp-db2 kernel: pci 0000:00:1c.5: PME# disabled
Apr 23 15:59:41 czp-db2 kernel: pci 0000:00:1f.2: reg 10: [mem 0x96300000-0x96303fff]
Apr 23 15:59:41 czp-db2 kernel: pci 0000:00:1f.4: reg 10: [mem 0x00000000-0x000000ff 64bit]
Apr 23 15:59:41 czp-db2 kernel: pci 0000:00:1f.4: reg 20: [io  0x0780-0x079f]
Apr 23 15:59:41 czp-db2 kernel: pci 0000:00:1f.5: reg 10: [mem 0xfe010000-0xfe010fff]
Apr 23 15:59:41 czp-db2 kernel: pci 0000:00:1c.0: PCI bridge to [bus 01-01]
Apr 23 15:59:41 czp-db2 kernel: pci 0000:00:1c.0:   bridge window [mem 0x96100000-0x961fffff]
Apr 23 15:59:41 czp-db2 kernel: pci 0000:00:1c.0:   bridge window [mem 0x18ffffe00000-0x18ffffefffff 64bit pref]
Apr 23 15:59:41 czp-db2 kernel: pci 0000:02:00.0: supports D1 D2
Apr 23 15:59:41 czp-db2 kernel: pci 0000:02:00.0: PME# supported from D0 D1 D2 D3hot D3cold
Apr 23 15:59:41 czp-db2 kernel: pci 0000:02:00.0: PME# disabled
Apr 23 15:59:41 czp-db2 kernel: pci 0000:00:1c.5: PCI bridge to [bus 02-03]
Apr 23 15:59:41 czp-db2 kernel: pci 0000:00:1c.5:   bridge window [io  0x2000-0x2fff]
Apr 23 15:59:41 czp-db2 kernel: pci 0000:00:1c.5:   bridge window [mem 0x95000000-0x960fffff]
Apr 23 15:59:41 czp-db2 kernel: pci 0000:03:00.0: reg 10: [mem 0x95000000-0x95ffffff]
Apr 23 15:59:41 czp-db2 kernel: pci 0000:03:00.0: reg 14: [mem 0x96000000-0x9601ffff]
Apr 23 15:59:41 czp-db2 kernel: pci 0000:03:00.0: reg 18: [io  0x2000-0x207f]
Apr 23 15:59:41 czp-db2 kernel: pci 0000:03:00.0: supports D1 D2
Apr 23 15:59:41 czp-db2 kernel: pci 0000:03:00.0: PME# supported from D0 D1 D2 D3hot D3cold
Apr 23 15:59:41 czp-db2 kernel: pci 0000:03:00.0: PME# disabled
Apr 23 15:59:41 czp-db2 kernel: pci 0000:02:00.0: PCI bridge to [bus 03-03]
Apr 23 15:59:41 czp-db2 kernel: pci 0000:02:00.0:   bridge window [io  0x2000-0x2fff]
Apr 23 15:59:41 czp-db2 kernel: pci 0000:02:00.0:   bridge window [mem 0x95000000-0x960fffff]
Apr 23 15:59:41 czp-db2 kernel: pci_bus 0000:00: on NUMA node 0
Apr 23 15:59:41 czp-db2 kernel: ACPI: PCI Interrupt Routing Table [\_SB_.PC00._PRT]
Apr 23 15:59:41 czp-db2 kernel: ACPI: PCI Interrupt Routing Table [\_SB_.PC00.RP06._PRT]
Apr 23 15:59:41 czp-db2 kernel: ACPI: PCI Interrupt Routing Table [\_SB_.PC00.RP06.PEA1._PRT]
Apr 23 15:59:41 czp-db2 kernel:  pci0000:00: Requesting ACPI _OSC control (0x1d)
Apr 23 15:59:41 czp-db2 kernel:  pci0000:00: ACPI _OSC control (0x15) granted
Apr 23 15:59:41 czp-db2 kernel: ACPI: PCI Root Bridge [PC01] (domain 0000 [bus 16-23])
Apr 23 15:59:41 czp-db2 kernel: pci_root PNP0A08:01: host bridge window [io  0x4000-0x4fff]
Apr 23 15:59:41 czp-db2 kernel: pci_root PNP0A08:01: host bridge window [mem 0x96c00000-0x9d7fffff]
Apr 23 15:59:41 czp-db2 kernel: pci_root PNP0A08:01: host bridge window [mem 0x190000000000-0x19ffffffffff]
Apr 23 15:59:41 czp-db2 kernel: PCI host bridge to bus 0000:16
Apr 23 15:59:41 czp-db2 kernel: pci_bus 0000:16: root bus resource [io  0x4000-0x4fff]
Apr 23 15:59:41 czp-db2 kernel: pci_bus 0000:16: root bus resource [mem 0x96c00000-0x9d7fffff]
Apr 23 15:59:41 czp-db2 kernel: pci_bus 0000:16: root bus resource [mem 0x190000000000-0x19ffffffffff]
Apr 23 15:59:41 czp-db2 kernel: pci 0000:16:00.0: PME# supported from D0 D3hot D3cold
Apr 23 15:59:41 czp-db2 kernel: pci 0000:16:00.0: PME# disabled
Apr 23 15:59:41 czp-db2 kernel: pci 0000:16:02.0: PME# supported from D0 D3hot D3cold
Apr 23 15:59:41 czp-db2 kernel: pci 0000:16:02.0: PME# disabled
Apr 23 15:59:41 czp-db2 kernel: pci 0000:16:03.0: PME# supported from D0 D3hot D3cold
Apr 23 15:59:41 czp-db2 kernel: pci 0000:16:03.0: PME# disabled
Apr 23 15:59:41 czp-db2 kernel: pci 0000:16:05.4: reg 10: [mem 0x9d700000-0x9d700fff]
Apr 23 15:59:41 czp-db2 kernel: pci 0000:16:00.0: PCI bridge to [bus 17-17]
Apr 23 15:59:41 czp-db2 kernel: pci 0000:18:00.0: reg 10: [mem 0x9d600000-0x9d61ffff 64bit]
Apr 23 15:59:41 czp-db2 kernel: pci 0000:18:00.0: reg 38: [mem 0x9d300000-0x9d3fffff pref]
Apr 23 15:59:41 czp-db2 kernel: pci 0000:18:00.0: PME# supported from D0 D3hot D3cold
Apr 23 15:59:41 czp-db2 kernel: pci 0000:18:00.0: PME# disabled
Apr 23 15:59:41 czp-db2 kernel: pci 0000:16:02.0: PCI bridge to [bus 18-1a]
Apr 23 15:59:41 czp-db2 kernel: pci 0000:16:02.0:   bridge window [mem 0x9d300000-0x9d6fffff]
Apr 23 15:59:41 czp-db2 kernel: pci 0000:16:02.0:   bridge window [mem 0x98000000-0x9d2fffff 64bit pref]
Apr 23 15:59:41 czp-db2 kernel: pci 0000:19:03.0: PME# supported from D0 D3hot D3cold
Apr 23 15:59:41 czp-db2 kernel: pci 0000:19:03.0: PME# disabled
Apr 23 15:59:41 czp-db2 kernel: pci 0000:18:00.0: PCI bridge to [bus 19-1a]
Apr 23 15:59:41 czp-db2 kernel: pci 0000:18:00.0:   bridge window [mem 0x9d400000-0x9d5fffff]
Apr 23 15:59:41 czp-db2 kernel: pci 0000:18:00.0:   bridge window [mem 0x98000000-0x9d2fffff 64bit pref]
Apr 23 15:59:41 czp-db2 kernel: pci 0000:1a:00.0: reg 10: [mem 0x9b000000-0x9bffffff 64bit pref]
Apr 23 15:59:41 czp-db2 kernel: pci 0000:1a:00.0: reg 1c: [mem 0x9d018000-0x9d01ffff 64bit pref]
Apr 23 15:59:41 czp-db2 kernel: pci 0000:1a:00.0: reg 30: [mem 0x9d580000-0x9d5fffff pref]
Apr 23 15:59:41 czp-db2 kernel: pci 0000:1a:00.0: PME# supported from D0 D3hot D3cold
Apr 23 15:59:41 czp-db2 kernel: pci 0000:1a:00.0: PME# disabled
Apr 23 15:59:41 czp-db2 kernel: pci 0000:1a:00.0: reg 184: [mem 0x9cc00000-0x9cc1ffff 64bit pref]
Apr 23 15:59:41 czp-db2 kernel: pci 0000:1a:00.0: reg 190: [mem 0x9d1a0000-0x9d1a3fff 64bit pref]
Apr 23 15:59:41 czp-db2 kernel: pci 0000:1a:00.1: reg 10: [mem 0x9a000000-0x9affffff 64bit pref]
Apr 23 15:59:41 czp-db2 kernel: pci 0000:1a:00.1: reg 1c: [mem 0x9d010000-0x9d017fff 64bit pref]
Apr 23 15:59:41 czp-db2 kernel: pci 0000:1a:00.1: reg 30: [mem 0x9d500000-0x9d57ffff pref]
Apr 23 15:59:41 czp-db2 kernel: pci 0000:1a:00.1: PME# supported from D0 D3hot D3cold
Apr 23 15:59:41 czp-db2 kernel: pci 0000:1a:00.1: PME# disabled
